###############################################################################
#
# IAR ELF Linker V7.50.2.10312/W32 for ARM                12/Jul/2016  19:11:34
# Copyright 2007-2015 IAR Systems AB.
#
#    Output file  =  
#        J:\Vital Data Bank\YCP\YCP Summer '16\Embedded
#        Systems\QUADROTOR_CONTROLLER_STM32F070\STM32F070CBT6_QUADROTOR_CONTROLLER\EWARM\STM32F070CBT6_QUADROTOR_CONTROLLER\Exe\STM32F070CBT6_QUADROTOR_CONTROLLER.out
#    Map file     =  
#        J:\Vital Data Bank\YCP\YCP Summer '16\Embedded
#        Systems\QUADROTOR_CONTROLLER_STM32F070\STM32F070CBT6_QUADROTOR_CONTROLLER\EWARM\STM32F070CBT6_QUADROTOR_CONTROLLER\List\STM32F070CBT6_QUADROTOR_CONTROLLER.map
#    Command line =  
#        "J:\Vital Data Bank\YCP\YCP Summer '16\Embedded
#        Systems\QUADROTOR_CONTROLLER_STM32F070\STM32F070CBT6_QUADROTOR_CONTROLLER\EWARM\STM32F070CBT6_QUADROTOR_CONTROLLER\Obj\gpio.o"
#        "J:\Vital Data Bank\YCP\YCP Summer '16\Embedded
#        Systems\QUADROTOR_CONTROLLER_STM32F070\STM32F070CBT6_QUADROTOR_CONTROLLER\EWARM\STM32F070CBT6_QUADROTOR_CONTROLLER\Obj\GPS.o"
#        "J:\Vital Data Bank\YCP\YCP Summer '16\Embedded
#        Systems\QUADROTOR_CONTROLLER_STM32F070\STM32F070CBT6_QUADROTOR_CONTROLLER\EWARM\STM32F070CBT6_QUADROTOR_CONTROLLER\Obj\i2c.o"
#        "J:\Vital Data Bank\YCP\YCP Summer '16\Embedded
#        Systems\QUADROTOR_CONTROLLER_STM32F070\STM32F070CBT6_QUADROTOR_CONTROLLER\EWARM\STM32F070CBT6_QUADROTOR_CONTROLLER\Obj\IMU.o"
#        "J:\Vital Data Bank\YCP\YCP Summer '16\Embedded
#        Systems\QUADROTOR_CONTROLLER_STM32F070\STM32F070CBT6_QUADROTOR_CONTROLLER\EWARM\STM32F070CBT6_QUADROTOR_CONTROLLER\Obj\kalman.o"
#        "J:\Vital Data Bank\YCP\YCP Summer '16\Embedded
#        Systems\QUADROTOR_CONTROLLER_STM32F070\STM32F070CBT6_QUADROTOR_CONTROLLER\EWARM\STM32F070CBT6_QUADROTOR_CONTROLLER\Obj\main.o"
#        "J:\Vital Data Bank\YCP\YCP Summer '16\Embedded
#        Systems\QUADROTOR_CONTROLLER_STM32F070\STM32F070CBT6_QUADROTOR_CONTROLLER\EWARM\STM32F070CBT6_QUADROTOR_CONTROLLER\Obj\PID.o"
#        "J:\Vital Data Bank\YCP\YCP Summer '16\Embedded
#        Systems\QUADROTOR_CONTROLLER_STM32F070\STM32F070CBT6_QUADROTOR_CONTROLLER\EWARM\STM32F070CBT6_QUADROTOR_CONTROLLER\Obj\spi.o"
#        "J:\Vital Data Bank\YCP\YCP Summer '16\Embedded
#        Systems\QUADROTOR_CONTROLLER_STM32F070\STM32F070CBT6_QUADROTOR_CONTROLLER\EWARM\STM32F070CBT6_QUADROTOR_CONTROLLER\Obj\startup_stm32f070xb.o"
#        "J:\Vital Data Bank\YCP\YCP Summer '16\Embedded
#        Systems\QUADROTOR_CONTROLLER_STM32F070\STM32F070CBT6_QUADROTOR_CONTROLLER\EWARM\STM32F070CBT6_QUADROTOR_CONTROLLER\Obj\stm32f0xx_hal.o"
#        "J:\Vital Data Bank\YCP\YCP Summer '16\Embedded
#        Systems\QUADROTOR_CONTROLLER_STM32F070\STM32F070CBT6_QUADROTOR_CONTROLLER\EWARM\STM32F070CBT6_QUADROTOR_CONTROLLER\Obj\stm32f0xx_hal_cortex.o"
#        "J:\Vital Data Bank\YCP\YCP Summer '16\Embedded
#        Systems\QUADROTOR_CONTROLLER_STM32F070\STM32F070CBT6_QUADROTOR_CONTROLLER\EWARM\STM32F070CBT6_QUADROTOR_CONTROLLER\Obj\stm32f0xx_hal_dma.o"
#        "J:\Vital Data Bank\YCP\YCP Summer '16\Embedded
#        Systems\QUADROTOR_CONTROLLER_STM32F070\STM32F070CBT6_QUADROTOR_CONTROLLER\EWARM\STM32F070CBT6_QUADROTOR_CONTROLLER\Obj\stm32f0xx_hal_flash.o"
#        "J:\Vital Data Bank\YCP\YCP Summer '16\Embedded
#        Systems\QUADROTOR_CONTROLLER_STM32F070\STM32F070CBT6_QUADROTOR_CONTROLLER\EWARM\STM32F070CBT6_QUADROTOR_CONTROLLER\Obj\stm32f0xx_hal_flash_ex.o"
#        "J:\Vital Data Bank\YCP\YCP Summer '16\Embedded
#        Systems\QUADROTOR_CONTROLLER_STM32F070\STM32F070CBT6_QUADROTOR_CONTROLLER\EWARM\STM32F070CBT6_QUADROTOR_CONTROLLER\Obj\stm32f0xx_hal_gpio.o"
#        "J:\Vital Data Bank\YCP\YCP Summer '16\Embedded
#        Systems\QUADROTOR_CONTROLLER_STM32F070\STM32F070CBT6_QUADROTOR_CONTROLLER\EWARM\STM32F070CBT6_QUADROTOR_CONTROLLER\Obj\stm32f0xx_hal_i2c.o"
#        "J:\Vital Data Bank\YCP\YCP Summer '16\Embedded
#        Systems\QUADROTOR_CONTROLLER_STM32F070\STM32F070CBT6_QUADROTOR_CONTROLLER\EWARM\STM32F070CBT6_QUADROTOR_CONTROLLER\Obj\stm32f0xx_hal_i2c_ex.o"
#        "J:\Vital Data Bank\YCP\YCP Summer '16\Embedded
#        Systems\QUADROTOR_CONTROLLER_STM32F070\STM32F070CBT6_QUADROTOR_CONTROLLER\EWARM\STM32F070CBT6_QUADROTOR_CONTROLLER\Obj\stm32f0xx_hal_msp.o"
#        "J:\Vital Data Bank\YCP\YCP Summer '16\Embedded
#        Systems\QUADROTOR_CONTROLLER_STM32F070\STM32F070CBT6_QUADROTOR_CONTROLLER\EWARM\STM32F070CBT6_QUADROTOR_CONTROLLER\Obj\stm32f0xx_hal_pwr.o"
#        "J:\Vital Data Bank\YCP\YCP Summer '16\Embedded
#        Systems\QUADROTOR_CONTROLLER_STM32F070\STM32F070CBT6_QUADROTOR_CONTROLLER\EWARM\STM32F070CBT6_QUADROTOR_CONTROLLER\Obj\stm32f0xx_hal_pwr_ex.o"
#        "J:\Vital Data Bank\YCP\YCP Summer '16\Embedded
#        Systems\QUADROTOR_CONTROLLER_STM32F070\STM32F070CBT6_QUADROTOR_CONTROLLER\EWARM\STM32F070CBT6_QUADROTOR_CONTROLLER\Obj\stm32f0xx_hal_rcc.o"
#        "J:\Vital Data Bank\YCP\YCP Summer '16\Embedded
#        Systems\QUADROTOR_CONTROLLER_STM32F070\STM32F070CBT6_QUADROTOR_CONTROLLER\EWARM\STM32F070CBT6_QUADROTOR_CONTROLLER\Obj\stm32f0xx_hal_rcc_ex.o"
#        "J:\Vital Data Bank\YCP\YCP Summer '16\Embedded
#        Systems\QUADROTOR_CONTROLLER_STM32F070\STM32F070CBT6_QUADROTOR_CONTROLLER\EWARM\STM32F070CBT6_QUADROTOR_CONTROLLER\Obj\stm32f0xx_hal_spi.o"
#        "J:\Vital Data Bank\YCP\YCP Summer '16\Embedded
#        Systems\QUADROTOR_CONTROLLER_STM32F070\STM32F070CBT6_QUADROTOR_CONTROLLER\EWARM\STM32F070CBT6_QUADROTOR_CONTROLLER\Obj\stm32f0xx_hal_spi_ex.o"
#        "J:\Vital Data Bank\YCP\YCP Summer '16\Embedded
#        Systems\QUADROTOR_CONTROLLER_STM32F070\STM32F070CBT6_QUADROTOR_CONTROLLER\EWARM\STM32F070CBT6_QUADROTOR_CONTROLLER\Obj\stm32f0xx_hal_tim.o"
#        "J:\Vital Data Bank\YCP\YCP Summer '16\Embedded
#        Systems\QUADROTOR_CONTROLLER_STM32F070\STM32F070CBT6_QUADROTOR_CONTROLLER\EWARM\STM32F070CBT6_QUADROTOR_CONTROLLER\Obj\stm32f0xx_hal_tim_ex.o"
#        "J:\Vital Data Bank\YCP\YCP Summer '16\Embedded
#        Systems\QUADROTOR_CONTROLLER_STM32F070\STM32F070CBT6_QUADROTOR_CONTROLLER\EWARM\STM32F070CBT6_QUADROTOR_CONTROLLER\Obj\stm32f0xx_hal_uart.o"
#        "J:\Vital Data Bank\YCP\YCP Summer '16\Embedded
#        Systems\QUADROTOR_CONTROLLER_STM32F070\STM32F070CBT6_QUADROTOR_CONTROLLER\EWARM\STM32F070CBT6_QUADROTOR_CONTROLLER\Obj\stm32f0xx_hal_uart_ex.o"
#        "J:\Vital Data Bank\YCP\YCP Summer '16\Embedded
#        Systems\QUADROTOR_CONTROLLER_STM32F070\STM32F070CBT6_QUADROTOR_CONTROLLER\EWARM\STM32F070CBT6_QUADROTOR_CONTROLLER\Obj\stm32f0xx_it.o"
#        "J:\Vital Data Bank\YCP\YCP Summer '16\Embedded
#        Systems\QUADROTOR_CONTROLLER_STM32F070\STM32F070CBT6_QUADROTOR_CONTROLLER\EWARM\STM32F070CBT6_QUADROTOR_CONTROLLER\Obj\system_stm32f0xx.o"
#        "J:\Vital Data Bank\YCP\YCP Summer '16\Embedded
#        Systems\QUADROTOR_CONTROLLER_STM32F070\STM32F070CBT6_QUADROTOR_CONTROLLER\EWARM\STM32F070CBT6_QUADROTOR_CONTROLLER\Obj\tim.o"
#        "J:\Vital Data Bank\YCP\YCP Summer '16\Embedded
#        Systems\QUADROTOR_CONTROLLER_STM32F070\STM32F070CBT6_QUADROTOR_CONTROLLER\EWARM\STM32F070CBT6_QUADROTOR_CONTROLLER\Obj\usart.o"
#        --redirect _Printf=_PrintfFull --redirect _Scanf=_ScanfFull -o
#        "J:\Vital Data Bank\YCP\YCP Summer '16\Embedded
#        Systems\QUADROTOR_CONTROLLER_STM32F070\STM32F070CBT6_QUADROTOR_CONTROLLER\EWARM\STM32F070CBT6_QUADROTOR_CONTROLLER\Exe\STM32F070CBT6_QUADROTOR_CONTROLLER.out"
#        --map "J:\Vital Data Bank\YCP\YCP Summer '16\Embedded
#        Systems\QUADROTOR_CONTROLLER_STM32F070\STM32F070CBT6_QUADROTOR_CONTROLLER\EWARM\STM32F070CBT6_QUADROTOR_CONTROLLER\List\STM32F070CBT6_QUADROTOR_CONTROLLER.map"
#        --config "J:\Vital Data Bank\YCP\YCP Summer '16\Embedded
#        Systems\QUADROTOR_CONTROLLER_STM32F070\STM32F070CBT6_QUADROTOR_CONTROLLER\EWARM/stm32f070xb_flash.icf"
#        --semihosting --entry __iar_program_start --vfe
#
###############################################################################

*******************************************************************************
*** RUNTIME MODEL ATTRIBUTES
***

CppFlavor       = *
__SystemLibrary = DLib


*******************************************************************************
*** PLACEMENT SUMMARY
***

"A1":  place at 0x08000000 { ro section .intvec };
"P1":  place in [from 0x08000000 to 0x0801ffff] { ro };
"P2":  place in [from 0x20000000 to 0x20003fff] { rw, block CSTACK, block HEAP };

  Section             Kind        Address    Size  Object
  -------             ----        -------    ----  ------
"A1":                                        0xc0
  .intvec             ro code  0x08000000    0xc0  startup_stm32f070xb.o [1]
                             - 0x080000c0    0xc0

"P1":                                      0x37ff
  .text               ro code  0x080000c0   0x90c  stm32f0xx_hal_spi.o [1]
  .text               ro code  0x080009cc    0xdc  spi.o [1]
  .text               ro code  0x08000aa8    0x70  stm32f0xx_hal.o [1]
  .text               ro code  0x08000b18   0x10a  main.o [1]
  .text               ro code  0x08000c22     0x2  startup_stm32f070xb.o [1]
  .text               ro code  0x08000c24   0x1b0  stm32f0xx_hal_gpio.o [1]
  .text               ro code  0x08000dd4    0x40  stm32f0xx_hal_msp.o [1]
  .text               ro code  0x08000e14   0x578  stm32f0xx_hal_rcc.o [1]
  .text               ro code  0x0800138c    0xae  I32DivModFast.o [5]
  .text               ro code  0x0800143a     0x2  startup_stm32f070xb.o [1]
  .text               ro code  0x0800143c    0x92  stm32f0xx_hal_cortex.o [1]
  .text               ro code  0x080014ce     0x2  startup_stm32f070xb.o [1]
  .text               ro code  0x080014d0    0xbc  gpio.o [1]
  .text               ro code  0x0800158c   0x1cc  tim.o [1]
  .text               ro code  0x08001758    0x94  i2c.o [1]
  .text               ro code  0x080017ec    0xa0  usart.o [1]
  .text               ro code  0x0800188c   0x570  IMU.o [1]
  .text               ro code  0x08001dfc   0x55a  stm32f0xx_hal_tim.o [1]
  .text               ro code  0x08002356     0x2  startup_stm32f070xb.o [1]
  .text               ro code  0x08002358   0x1b4  PID.o [1]
  .text               ro code  0x0800250c    0xe4  stm32f0xx_hal_rcc_ex.o [1]
  .text               ro code  0x080025f0    0x34  ABImemcpy.o [5]
  .text               ro code  0x08002624     0x2  IntDivZer.o [5]
  .text               ro code  0x08002626     0x2  startup_stm32f070xb.o [1]
  .text               ro code  0x08002628    0x86  stm32f0xx_hal_tim_ex.o [1]
  .text               ro code  0x080026ae     0x2  startup_stm32f070xb.o [1]
  .text               ro code  0x080026b0    0xb0  stm32f0xx_hal_i2c.o [1]
  .text               ro code  0x08002760    0x54  stm32f0xx_hal_i2c_ex.o [1]
  .text               ro code  0x080027b4   0x29c  stm32f0xx_hal_uart.o [1]
  .text               ro code  0x08002a50    0x36  I32ToFlt.o [4]
  .text               ro code  0x08002a86    0xb0  FltMul.o [4]
  .text               ro code  0x08002b36    0xaa  FltDiv.o [4]
  .text               ro code  0x08002be0   0x120  FltAddSub.o [4]
  .text               ro code  0x08002d00    0x32  FltToDbl.o [4]
  .text               ro code  0x08002d32    0xbe  sqrt.o [4]
  .text               ro code  0x08002df0    0x62  DblToFlt.o [4]
  .text               ro code  0x08002e52    0xde  atan2f.o [4]
  .text               ro code  0x08002f30   0x23c  xfsin.o [4]
  .text               ro code  0x0800316c   0x184  DblMul.o [4]
  .text               ro code  0x080032f0    0x26  FltToU32.o [4]
  .text               ro code  0x08003316     0x2  startup_stm32f070xb.o [1]
  .text               ro code  0x08003318     0xc  iarEdom.o [5]
  .text               ro code  0x08003324    0x26  FltCmpLe.o [4]
  .text               ro code  0x0800334a     0x2  startup_stm32f070xb.o [1]
  .text               ro code  0x0800334c    0xf8  xfatan.o [4]
  .text               ro code  0x08003444    0x28  FltCmpGe.o [4]
  .text               ro code  0x0800346c    0x3a  FltToS32.o [4]
  .text               ro code  0x080034a6     0x2  startup_stm32f070xb.o [1]
  .text               ro code  0x080034a8    0x10  errno.o [3]
  .text               ro code  0x080034b8    0xec  xfquad.o [4]
  .text               ro code  0x080035a4     0x2  xtls.o [3]
  .text               ro code  0x080035a6    0x56  xfdint.o [4]
  .text               ro code  0x080035fc    0x20  FltCmpEq.o [4]
  .text               ro code  0x0800361c    0x8a  fmodf.o [4]
  .text               ro code  0x080036a6     0x2  startup_stm32f070xb.o [1]
  .text               ro code  0x080036a8    0x68  system_stm32f0xx.o [1]
  .text               ro code  0x08003710    0x3c  zero_init3.o [5]
  .text               ro code  0x0800374c    0x3c  packbits_init_single.o [5]
  .text               ro code  0x08003788    0x28  data_init.o [5]
  .iar.init_table     const    0x080037b0    0x20  - Linker created -
  .text               ro code  0x080037d0    0x1a  cmain.o [5]
  .text               ro code  0x080037ea     0x4  low_level_init.o [3]
  .text               ro code  0x080037ee     0x8  exit.o [3]
  .text               ro code  0x080037f6     0x2  startup_stm32f070xb.o [1]
  .text               ro code  0x080037f8     0xa  cexit.o [5]
  .text               ro code  0x08003802     0x2  startup_stm32f070xb.o [1]
  .text               ro code  0x08003804    0x14  exit.o [6]
  .text               ro code  0x08003818    0x14  stm32f0xx_it.o [1]
  .text               ro code  0x0800382c    0x10  startup_stm32f070xb.o [1]
  .text               ro code  0x0800383c     0xc  cstartup_M.o [5]
  .text               ro code  0x08003848     0x2  startup_stm32f070xb.o [1]
  .text               ro code  0x0800384a     0x2  startup_stm32f070xb.o [1]
  .text               ro code  0x0800384c     0x2  startup_stm32f070xb.o [1]
  .text               ro code  0x0800384e     0x2  startup_stm32f070xb.o [1]
  .text               ro code  0x08003850     0x2  startup_stm32f070xb.o [1]
  .text               ro code  0x08003852     0x2  startup_stm32f070xb.o [1]
  .text               ro code  0x08003854     0x2  startup_stm32f070xb.o [1]
  .text               ro code  0x08003856     0x2  startup_stm32f070xb.o [1]
  .text               ro code  0x08003858     0x2  startup_stm32f070xb.o [1]
  .text               ro code  0x0800385a     0x2  startup_stm32f070xb.o [1]
  .text               ro code  0x0800385c     0x2  startup_stm32f070xb.o [1]
  .text               ro code  0x0800385e     0x2  startup_stm32f070xb.o [1]
  .text               ro code  0x08003860     0x2  startup_stm32f070xb.o [1]
  .text               ro code  0x08003862     0x2  startup_stm32f070xb.o [1]
  .text               ro code  0x08003864     0x2  startup_stm32f070xb.o [1]
  .text               ro code  0x08003866     0x2  startup_stm32f070xb.o [1]
  .rodata             const    0x08003868     0x0  zero_init3.o [5]
  .rodata             const    0x08003868     0x0  packbits_init_single.o [5]
  Initializer bytes   const    0x08003868    0x57  <for P2-1>
                             - 0x080038bf  0x37ff

"P2", part 1 of 3:                          0x14c
  P2-1                         0x20000000   0x14c  <Init block>
    .data             inited   0x20000000    0x31  IMU.o [1]
    .data             inited   0x20000034    0x14  IMU.o [1]
    .data             inited   0x20000048    0x7a  IMU.o [1]
    .data             inited   0x200000c4    0x80  PID.o [1]
    .data             inited   0x20000144     0x4  system_stm32f0xx.o [1]
    __DLIB_PERTHREAD  inited   0x20000148     0x4  errno.o [3]
                             - 0x2000014c   0x14c

"P2", part 2 of 3:                          0x400
  CSTACK                       0x20000150   0x400  <Block>
    CSTACK            uninit   0x20000150   0x400  <Block tail>
                             - 0x20000550   0x400

"P2", part 3 of 3:                          0x1f0
  .bss                zero     0x20000550    0x70  usart.o [1]
  .bss                zero     0x200005c0    0x64  spi.o [1]
  .bss                zero     0x20000624    0x64  spi.o [1]
  .bss                zero     0x20000688    0x3c  i2c.o [1]
  .bss                zero     0x200006c4    0x3c  tim.o [1]
  .bss                zero     0x20000700    0x3c  tim.o [1]
  .bss                zero     0x2000073c     0x4  stm32f0xx_hal.o [1]
                             - 0x20000740   0x1f0


*******************************************************************************
*** INIT TABLE
***

          Address     Size
          -------     ----
Zero (__iar_zero_init3)
    1 destination range, total size 0x1f0:
          0x20000550  0x1f0

Copy/packbits (__iar_packbits_init_single3)
    1 source range, total size 0x57 (26% of destination):
          0x08003868   0x57
    1 destination range, total size 0x14c:
          0x20000000  0x14c



*******************************************************************************
*** MODULE SUMMARY
***

    Module                  ro code  ro data  rw data
    ------                  -------  -------  -------
J:\Vital Data Bank\YCP\YCP Summer '16\Embedded Systems\QUADROTOR_CONTROLLER_STM32F070\STM32F070CBT6_QUADROTOR_CONTROLLER\EWARM\STM32F070CBT6_QUADROTOR_CONTROLLER\Obj: [1]
    IMU.o                     1 392       50      191
    PID.o                       436       34      128
    gpio.o                      188
    i2c.o                       148                60
    main.o                      266
    spi.o                       220               200
    startup_stm32f070xb.o       264
    stm32f0xx_hal.o             112                 4
    stm32f0xx_hal_cortex.o      146
    stm32f0xx_hal_gpio.o        432
    stm32f0xx_hal_i2c.o         176
    stm32f0xx_hal_i2c_ex.o       84
    stm32f0xx_hal_msp.o          64
    stm32f0xx_hal_rcc.o       1 400
    stm32f0xx_hal_rcc_ex.o      228
    stm32f0xx_hal_spi.o       2 316
    stm32f0xx_hal_tim.o       1 370
    stm32f0xx_hal_tim_ex.o      134
    stm32f0xx_hal_uart.o        668
    stm32f0xx_it.o               20
    system_stm32f0xx.o          104        1        4
    tim.o                       460               120
    usart.o                     160               112
    -------------------------------------------------
    Total:                   10 788       85      819

command line: [2]
    -------------------------------------------------
    Total:

dl6M_tlf.a: [3]
    errno.o                      16        2        4
    exit.o                        8
    low_level_init.o              4
    xtls.o                        2
    -------------------------------------------------
    Total:                       30        2        4

m6M_tl.a: [4]
    DblMul.o                    388
    DblToFlt.o                   98
    FltAddSub.o                 288
    FltCmpEq.o                   32
    FltCmpGe.o                   40
    FltCmpLe.o                   38
    FltDiv.o                    170
    FltMul.o                    176
    FltToDbl.o                   50
    FltToS32.o                   58
    FltToU32.o                   38
    I32ToFlt.o                   54
    atan2f.o                    222
    fmodf.o                     138
    sqrt.o                      190
    xfatan.o                    248
    xfdint.o                     86
    xfquad.o                    236
    xfsin.o                     572
    -------------------------------------------------
    Total:                    3 122

rt6M_tl.a: [5]
    ABImemcpy.o                  52
    I32DivModFast.o             174
    IntDivZer.o                   2
    cexit.o                      10
    cmain.o                      26
    cstartup_M.o                 12
    data_init.o                  40
    iarEdom.o                    12
    packbits_init_single.o       60
    zero_init3.o                 60
    -------------------------------------------------
    Total:                      448

shb_l.a: [6]
    exit.o                       20
    -------------------------------------------------
    Total:                       20

    Gaps                                            5
    Linker created                        32    1 024
-----------------------------------------------------
    Grand Total:             14 408      119    1 852


*******************************************************************************
*** ENTRY LIST
***

Entry                      Address   Size  Type      Object
-----                      -------   ----  ----      ------
.iar.init_table$$Base   0x080037b0          --   Gb  - Linker created -
.iar.init_table$$Limit  0x080037d0          --   Gb  - Linker created -
?main                   0x080037d1         Code  Gb  cmain.o [5]
CSTACK$$Base            0x20000150          --   Gb  - Linker created -
CSTACK$$Limit           0x20000550          --   Gb  - Linker created -
Error_Handler           0x08000c21    0x2  Code  Gb  main.o [1]
HAL_Delay               0x08000af7   0x18  Code  Wk  stm32f0xx_hal.o [1]
HAL_GPIO_Init           0x08000c25  0x18a  Code  Gb  stm32f0xx_hal_gpio.o [1]
HAL_GPIO_WritePin       0x08000daf    0xc  Code  Gb  stm32f0xx_hal_gpio.o [1]
HAL_GetTick             0x08000af1    0x6  Code  Wk  stm32f0xx_hal.o [1]
HAL_I2CEx_ConfigAnalogFilter
                        0x08002761   0x3a  Code  Gb  stm32f0xx_hal_i2c_ex.o [1]
HAL_I2C_Init            0x080026b1   0xa2  Code  Gb  stm32f0xx_hal_i2c.o [1]
HAL_I2C_MspInit         0x08001797   0x42  Code  Gb  i2c.o [1]
HAL_IncTick             0x08000ae7    0xa  Code  Wk  stm32f0xx_hal.o [1]
HAL_Init                0x08000aa9   0x1a  Code  Gb  stm32f0xx_hal.o [1]
HAL_InitTick            0x08000ac3   0x24  Code  Wk  stm32f0xx_hal.o [1]
HAL_MspInit             0x08000dd5   0x40  Code  Gb  stm32f0xx_hal_msp.o [1]
HAL_NVIC_SetPriority    0x0800146f    0x8  Code  Gb  stm32f0xx_hal_cortex.o [1]
HAL_RCCEx_PeriphCLKConfig
                        0x0800250d   0xce  Code  Gb  stm32f0xx_hal_rcc_ex.o [1]
HAL_RCC_ClockConfig     0x080011a9  0x112  Code  Gb  stm32f0xx_hal_rcc.o [1]
HAL_RCC_GetHCLKFreq     0x08001309   0x1c  Code  Gb  stm32f0xx_hal_rcc.o [1]
HAL_RCC_GetPCLK1Freq    0x08001325   0x18  Code  Gb  stm32f0xx_hal_rcc.o [1]
HAL_RCC_GetSysClockFreq
                        0x080012c1   0x46  Code  Gb  stm32f0xx_hal_rcc.o [1]
HAL_RCC_OscConfig       0x08000e15  0x390  Code  Gb  stm32f0xx_hal_rcc.o [1]
HAL_SPI_Init            0x080000c1   0xc8  Code  Gb  stm32f0xx_hal_spi.o [1]
HAL_SPI_MspInit         0x08000a27   0x68  Code  Gb  spi.o [1]
HAL_SPI_Receive         0x08000311  0x22c  Code  Gb  stm32f0xx_hal_spi.o [1]
HAL_SPI_Transmit        0x08000189  0x17a  Code  Gb  stm32f0xx_hal_spi.o [1]
HAL_SPI_TransmitReceive
                        0x08000545  0x2a2  Code  Gb  stm32f0xx_hal_spi.o [1]
HAL_SYSTICK_CLKSourceConfig
                        0x0800149f   0x18  Code  Gb  stm32f0xx_hal_cortex.o [1]
HAL_SYSTICK_Callback    0x080014cd    0x2  Code  Wk  stm32f0xx_hal_cortex.o [1]
HAL_SYSTICK_Config      0x08001477   0x28  Code  Gb  stm32f0xx_hal_cortex.o [1]
HAL_SYSTICK_IRQHandler  0x080014c5    0x8  Code  Gb  stm32f0xx_hal_cortex.o [1]
HAL_TIMEx_ConfigBreakDeadTime
                        0x08002671   0x3e  Code  Gb  stm32f0xx_hal_tim_ex.o [1]
HAL_TIMEx_MasterConfigSynchronization
                        0x08002629   0x48  Code  Gb  stm32f0xx_hal_tim_ex.o [1]
HAL_TIM_Base_Init       0x08001dfd   0x1e  Code  Gb  stm32f0xx_hal_tim.o [1]
HAL_TIM_Base_MspInit    0x080016b7   0x20  Code  Gb  tim.o [1]
HAL_TIM_ConfigClockSource
                        0x08001fb1   0xce  Code  Gb  stm32f0xx_hal_tim.o [1]
HAL_TIM_MspPostInit     0x080016f7   0x46  Code  Gb  tim.o [1]
HAL_TIM_PWM_ConfigChannel
                        0x08001ed1   0xd2  Code  Gb  stm32f0xx_hal_tim.o [1]
HAL_TIM_PWM_Init        0x08001e2f   0x1e  Code  Gb  stm32f0xx_hal_tim.o [1]
HAL_TIM_PWM_MspInit     0x080016d7   0x20  Code  Gb  tim.o [1]
HAL_TIM_PWM_Start       0x08001e4d    0x6  Code  Gb  stm32f0xx_hal_tim.o [1]
HAL_UART_Init           0x080027b5   0x56  Code  Gb  stm32f0xx_hal_uart.o [1]
HAL_UART_MspInit        0x08001821   0x5a  Code  Gb  usart.o [1]
HardFault_Handler       0x0800381b    0x2  Code  Gb  stm32f0xx_it.o [1]
MX_GPIO_Init            0x080014d1   0xbc  Code  Gb  gpio.o [1]
MX_I2C1_Init            0x08001759   0x3e  Code  Gb  i2c.o [1]
MX_SPI1_Init            0x080009cd   0x18  Code  Gb  spi.o [1]
MX_SPI2_Init            0x080009e5   0x16  Code  Gb  spi.o [1]
MX_TIM1_Init            0x0800158d   0xbc  Code  Gb  tim.o [1]
MX_TIM3_Init            0x08001649   0x6e  Code  Gb  tim.o [1]
MX_USART1_UART_Init     0x080017ed   0x34  Code  Gb  usart.o [1]
NMI_Handler             0x08003819    0x2  Code  Gb  stm32f0xx_it.o [1]
NVIC_SetPriority        0x0800143d   0x32  Code  Lc  stm32f0xx_hal_cortex.o [1]
PI                      0x2000008c    0x4  Data  Gb  IMU.o [1]
PIDPitch                0x200000c8    0x4  Data  Gb  PID.o [1]
PIDRoll                 0x200000c4    0x4  Data  Gb  PID.o [1]
PIDYaw                  0x200000cc    0x4  Data  Gb  PID.o [1]
PendSV_Handler          0x0800381f    0x2  Code  Gb  stm32f0xx_it.o [1]
Region$$Table$$Base     0x080037b0          --   Gb  - Linker created -
Region$$Table$$Limit    0x080037d0          --   Gb  - Linker created -
SPI_EndRxTransaction    0x08000929   0x6e  Code  Lc  stm32f0xx_hal_spi.o [1]
SPI_EndRxTxTransaction  0x08000997   0x32  Code  Lc  stm32f0xx_hal_spi.o [1]
SPI_WaitFifoStateUntilTimeout
                        0x08000881   0xa6  Code  Lc  stm32f0xx_hal_spi.o [1]
SPI_WaitFlagStateUntilTimeout
                        0x080007f5   0x8c  Code  Lc  stm32f0xx_hal_spi.o [1]
SVC_Handler             0x0800381d    0x2  Code  Gb  stm32f0xx_it.o [1]
SysTick_Handler         0x08003821    0xc  Code  Gb  stm32f0xx_it.o [1]
SystemClock_Config      0x08000ba5   0x7c  Code  Gb  main.o [1]
SystemCoreClock         0x20000144    0x4  Data  Gb  system_stm32f0xx.o [1]
SystemInit              0x080036a9   0x50  Code  Gb  system_stm32f0xx.o [1]
TIM_Base_SetConfig      0x08002085   0x68  Code  Gb  stm32f0xx_hal_tim.o [1]
TIM_CCxChannelCmd       0x08002341   0x16  Code  Gb  stm32f0xx_hal_tim.o [1]
TIM_ETR_SetConfig       0x080022f7   0x14  Code  Lc  stm32f0xx_hal_tim.o [1]
TIM_ITRx_SetConfig      0x080022e7   0x10  Code  Lc  stm32f0xx_hal_tim.o [1]
TIM_OC1_SetConfig       0x080020f1   0x74  Code  Lc  stm32f0xx_hal_tim.o [1]
TIM_OC2_SetConfig       0x08002165   0x68  Code  Gb  stm32f0xx_hal_tim.o [1]
TIM_OC3_SetConfig       0x080021cd   0x64  Code  Lc  stm32f0xx_hal_tim.o [1]
TIM_OC4_SetConfig       0x08002231   0x52  Code  Lc  stm32f0xx_hal_tim.o [1]
TIM_TI1_ConfigInputStage
                        0x080022a1   0x22  Code  Lc  stm32f0xx_hal_tim.o [1]
TIM_TI2_ConfigInputStage
                        0x080022c3   0x24  Code  Lc  stm32f0xx_hal_tim.o [1]
UART_AdvFeatureConfig   0x08002927   0xc8  Code  Gb  stm32f0xx_hal_uart.o [1]
UART_CheckIdleState     0x080029f9   0x10  Code  Gb  stm32f0xx_hal_uart.o [1]
UART_SetConfig          0x08002821  0x106  Code  Gb  stm32f0xx_hal_uart.o [1]
XH                      0x20000088    0x4  Data  Gb  IMU.o [1]
YH                      0x20000084    0x4  Data  Gb  IMU.o [1]
__ICFEDIT_region_RAM_end__ {Abs}
                        0x20003fff          --   Gb  command line/config [2]
__ICFEDIT_region_RAM_start__ {Abs}
                        0x20000000          --   Gb  command line/config [2]
__aeabi_cfcmpeq         0x080035fd         Code  Gb  FltCmpEq.o [4]
__aeabi_cfcmple         0x08003325         Code  Gb  FltCmpLe.o [4]
__aeabi_cfrcmple        0x08003445         Code  Gb  FltCmpGe.o [4]
__aeabi_d2f             0x08002df1         Code  Gb  DblToFlt.o [4]
__aeabi_dmul            0x0800316d         Code  Gb  DblMul.o [4]
__aeabi_errno_addr      0x080034a9    0xa  Code  Gb  errno.o [3]
__aeabi_f2d             0x08002d01         Code  Gb  FltToDbl.o [4]
__aeabi_f2iz            0x0800346d         Code  Gb  FltToS32.o [4]
__aeabi_f2uiz           0x080032f1         Code  Gb  FltToU32.o [4]
__aeabi_fadd            0x08002be1         Code  Gb  FltAddSub.o [4]
__aeabi_fdiv            0x08002b37         Code  Gb  FltDiv.o [4]
__aeabi_fmul            0x08002a87         Code  Gb  FltMul.o [4]
__aeabi_fsub            0x08002c51         Code  Gb  FltAddSub.o [4]
__aeabi_i2f             0x08002a51         Code  Gb  I32ToFlt.o [4]
__aeabi_idiv0           0x08002625         Code  Gb  IntDivZer.o [5]
__aeabi_memcpy4         0x080025f1         Code  Wk  ABImemcpy.o [5]
__aeabi_ui2f            0x08002a69         Code  Gb  I32ToFlt.o [4]
__aeabi_uidiv           0x0800138d         Code  Gb  I32DivModFast.o [5]
__aeabi_uidivmod        0x0800138d         Code  Gb  I32DivModFast.o [5]
__cmain                 0x080037d1         Code  Gb  cmain.o [5]
__exit                  0x08003805   0x14  Code  Gb  exit.o [6]
__iar_Errno             0x20000148    0x4  Data  Gb  errno.o [3]
__iar_FAtan             0x0800334d   0xb8  Code  Gb  xfatan.o [4]
__iar_FDint             0x080035a7   0x56  Code  Gb  xfdint.o [4]
__iar_FQuad             0x080034b9   0xec  Code  Gb  xfquad.o [4]
__iar_FSin              0x08002f31  0x23c  Code  Gb  xfsin.o [4]
__iar_data_init3        0x08003789   0x28  Code  Gb  data_init.o [5]
__iar_dlib_perthread_access
                        0x080035a5    0x2  Code  Gb  xtls.o [3]
__iar_edom              0x08003319         Code  Gb  iarEdom.o [5]
__iar_fmodf             0x0800361d         Code  Gb  fmodf.o [4]
__iar_packbits_init_single3
                        0x0800374d   0x3c  Code  Gb  packbits_init_single.o [5]
__iar_program_start     0x0800383d         Code  Gb  cstartup_M.o [5]
__iar_sqrt              0x08002d33         Code  Gb  sqrt.o [4]
__iar_ui2f              0x08002a6d         Code  Gb  I32ToFlt.o [4]
__iar_zero_init3        0x08003711   0x3c  Code  Gb  zero_init3.o [5]
__low_level_init        0x080037eb    0x4  Code  Gb  low_level_init.o [3]
__vector_table          0x08000000         Data  Gb  startup_stm32f070xb.o [1]
_call_main              0x080037dd         Code  Gb  cmain.o [5]
_exit                   0x080037f9         Code  Gb  cexit.o [5]
_main                   0x080037e7         Code  Gb  cmain.o [5]
a                       0x08003424   0x20  Data  Lc  xfatan.o [4]
aAPBAHBPrescTable       0x0800137c   0x10  Data  Gb  stm32f0xx_hal_rcc.o [1]
acceENaddrW             0x2000003e    0x2  Data  Gb  IMU.o [1]
acceODRBWaddrW          0x2000003c    0x2  Data  Gb  IMU.o [1]
acce_status             0x20000061    0x1  Data  Gb  IMU.o [1]
accel_range             0x2000007c    0x4  Data  Gb  IMU.o [1]
acceleration_x          0x20000064    0x4  Data  Gb  IMU.o [1]
acceleration_y          0x20000068    0x4  Data  Gb  IMU.o [1]
acceleration_z          0x2000006c    0x4  Data  Gb  IMU.o [1]
angular_rate_x          0x20000070    0x4  Data  Gb  IMU.o [1]
angular_rate_y          0x20000074    0x4  Data  Gb  IMU.o [1]
angular_rate_z          0x20000078    0x4  Data  Gb  IMU.o [1]
atan2f                  0x08002e53   0xde  Code  Gb  atan2f.o [4]
counter                 0x2000000e    0x2  Data  Gb  IMU.o [1]
data_acc                0x200000c0    0x1  Data  Gb  IMU.o [1]
data_accback            0x20000048    0xc  Data  Gb  IMU.o [1]
data_gyr                0x200000c1    0x1  Data  Gb  IMU.o [1]
data_gyrback            0x20000054    0xc  Data  Gb  IMU.o [1]
data_mag                0x20000030    0x1  Data  Gb  IMU.o [1]
data_magback            0x20000000    0xc  Data  Gb  IMU.o [1]
exit                    0x080037ef    0x8  Code  Gb  exit.o [3]
fmodf                   0x0800361d         Code  Gb  fmodf.o [4]
getAllVals              0x08001ad5  0x2fa  Code  Gb  IMU.o [1]
getPitch                0x08001dd9    0x4  Code  Gb  IMU.o [1]
getRoll                 0x08001dcf    0x4  Code  Gb  IMU.o [1]
getYaw                  0x08001ddd    0x4  Code  Gb  IMU.o [1]
gyroENaddrW             0x2000003a    0x2  Data  Gb  IMU.o [1]
gyroODRBWaddrW          0x20000038    0x2  Data  Gb  IMU.o [1]
gyro_range              0x20000080    0x4  Data  Gb  IMU.o [1]
gyro_status             0x20000060    0x1  Data  Gb  IMU.o [1]
hi2c1                   0x20000688   0x3c  Data  Gb  i2c.o [1]
hspi1                   0x200005c0   0x64  Data  Gb  spi.o [1]
hspi2                   0x20000624   0x64  Data  Gb  spi.o [1]
htim1                   0x200006c4   0x3c  Data  Gb  tim.o [1]
htim3                   0x20000700   0x3c  Data  Gb  tim.o [1]
huart1                  0x20000550   0x70  Data  Gb  usart.o [1]
i                       0x20000010    0x4  Data  Gb  IMU.o [1]
initIMU                 0x0800188d  0x186  Code  Gb  IMU.o [1]
mag_powerup             0x20000034    0x2  Data  Gb  IMU.o [1]
mag_powerup_rd          0x20000036    0x2  Data  Gb  IMU.o [1]
magn_range              0x20000020    0x4  Data  Gb  IMU.o [1]
magn_status             0x2000000c    0x1  Data  Gb  IMU.o [1]
magnometer_x            0x20000014    0x4  Data  Gb  IMU.o [1]
magnometer_y            0x20000018    0x4  Data  Gb  IMU.o [1]
magnometer_z            0x2000001c    0x4  Data  Gb  IMU.o [1]
main                    0x08000b19   0x7a  Code  Gb  main.o [1]
motorPN                 0x20000140    0x4  Data  Gb  PID.o [1]
motorPP                 0x2000013c    0x4  Data  Gb  PID.o [1]
motorRN                 0x20000138    0x4  Data  Gb  PID.o [1]
motorRP                 0x20000134    0x4  Data  Gb  PID.o [1]
pitch                   0x20000024    0x4  Data  Gb  IMU.o [1]
pitchDout               0x20000110    0x4  Data  Gb  PID.o [1]
pitchError              0x20000114    0x4  Data  Gb  PID.o [1]
pitchIout               0x2000010c    0x4  Data  Gb  PID.o [1]
pitchKd                 0x20000104    0x4  Data  Gb  PID.o [1]
pitchKi                 0x20000100    0x4  Data  Gb  PID.o [1]
pitchKp                 0x200000fc    0x4  Data  Gb  PID.o [1]
pitchLastError          0x20000118    0x4  Data  Gb  PID.o [1]
pitchNewArea            0x2000011c    0x4  Data  Gb  PID.o [1]
pitchOut                0x20000124    0x4  Data  Gb  PID.o [1]
pitchPout               0x20000108    0x4  Data  Gb  PID.o [1]
pitchRunningArea        0x20000120    0x4  Data  Gb  PID.o [1]
pitchTarget             0x2000012c    0x4  Data  Gb  PID.o [1]
readMagnometer          0x08001a15   0xb8  Code  Gb  IMU.o [1]
roll                    0x20000028    0x4  Data  Gb  IMU.o [1]
rollDout                0x200000e8    0x4  Data  Gb  PID.o [1]
rollError               0x200000ec    0x4  Data  Gb  PID.o [1]
rollIout                0x200000e4    0x4  Data  Gb  PID.o [1]
rollKd                  0x200000dc    0x4  Data  Gb  PID.o [1]
rollKi                  0x200000d8    0x4  Data  Gb  PID.o [1]
rollKp                  0x200000d4    0x4  Data  Gb  PID.o [1]
rollLastError           0x200000f0    0x4  Data  Gb  PID.o [1]
rollNewArea             0x200000f4    0x4  Data  Gb  PID.o [1]
rollOut                 0x20000128    0x4  Data  Gb  PID.o [1]
rollPout                0x200000e0    0x4  Data  Gb  PID.o [1]
rollRunningArea         0x200000f8    0x4  Data  Gb  PID.o [1]
rollTarget              0x20000130    0x4  Data  Gb  PID.o [1]
runAvgAx                0x20000090    0x4  Data  Gb  IMU.o [1]
runAvgAy                0x20000094    0x4  Data  Gb  IMU.o [1]
runAvgAz                0x20000098    0x4  Data  Gb  IMU.o [1]
runAvgMx                0x200000a8    0x4  Data  Gb  IMU.o [1]
runAvgMy                0x200000ac    0x4  Data  Gb  IMU.o [1]
runAvgMz                0x200000b0    0x4  Data  Gb  IMU.o [1]
runSumAx                0x2000009c    0x4  Data  Gb  IMU.o [1]
runSumAy                0x200000a0    0x4  Data  Gb  IMU.o [1]
runSumAz                0x200000a4    0x4  Data  Gb  IMU.o [1]
runSumMx                0x200000b4    0x4  Data  Gb  IMU.o [1]
runSumMy                0x200000b8    0x4  Data  Gb  IMU.o [1]
runSumMz                0x200000bc    0x4  Data  Gb  IMU.o [1]
sqrt                    0x08002d33         Code  Gb  sqrt.o [4]
sqrtl                   0x08002d33         Code  Gb  sqrt.o [4]
stabilize               0x08002359  0x19a  Code  Gb  PID.o [1]
timeInterval            0x200000d0    0x4  Data  Gb  PID.o [1]
trrx                    0x20000044    0x4  Data  Gb  IMU.o [1]
trtx                    0x20000040    0x4  Data  Gb  IMU.o [1]
uwTick                  0x2000073c    0x4  Data  Lc  stm32f0xx_hal.o [1]
yaw                     0x2000002c    0x4  Data  Gb  IMU.o [1]


[1] = J:\Vital Data Bank\YCP\YCP Summer '16\Embedded Systems\QUADROTOR_CONTROLLER_STM32F070\STM32F070CBT6_QUADROTOR_CONTROLLER\EWARM\STM32F070CBT6_QUADROTOR_CONTROLLER\Obj
[2] = command line
[3] = dl6M_tlf.a
[4] = m6M_tl.a
[5] = rt6M_tl.a
[6] = shb_l.a

  14 408 bytes of readonly  code memory
     119 bytes of readonly  data memory
   1 852 bytes of readwrite data memory

Errors: none
Warnings: none
