###############################################################################
#
# IAR ELF Linker V7.50.2.10312/W32 for ARM                27/Jul/2016  00:16:20
# Copyright 2007-2015 IAR Systems AB.
#
#    Output file  =  
#        J:\Vital Data Bank\YCP\YCP Summer '16\Embedded
#        Systems\QUADROTOR_CONTROLLER_STM32F070\STM32F070CBT6_QUADROTOR_CONTROLLER\EWARM\STM32F070CBT6_QUADROTOR_CONTROLLER\Exe\STM32F070CBT6_QUADROTOR_CONTROLLER.out
#    Map file     =  
#        J:\Vital Data Bank\YCP\YCP Summer '16\Embedded
#        Systems\QUADROTOR_CONTROLLER_STM32F070\STM32F070CBT6_QUADROTOR_CONTROLLER\EWARM\STM32F070CBT6_QUADROTOR_CONTROLLER\List\STM32F070CBT6_QUADROTOR_CONTROLLER.map
#    Command line =  
#        "J:\Vital Data Bank\YCP\YCP Summer '16\Embedded
#        Systems\QUADROTOR_CONTROLLER_STM32F070\STM32F070CBT6_QUADROTOR_CONTROLLER\EWARM\STM32F070CBT6_QUADROTOR_CONTROLLER\Obj\gpio.o"
#        "J:\Vital Data Bank\YCP\YCP Summer '16\Embedded
#        Systems\QUADROTOR_CONTROLLER_STM32F070\STM32F070CBT6_QUADROTOR_CONTROLLER\EWARM\STM32F070CBT6_QUADROTOR_CONTROLLER\Obj\GPS.o"
#        "J:\Vital Data Bank\YCP\YCP Summer '16\Embedded
#        Systems\QUADROTOR_CONTROLLER_STM32F070\STM32F070CBT6_QUADROTOR_CONTROLLER\EWARM\STM32F070CBT6_QUADROTOR_CONTROLLER\Obj\i2c.o"
#        "J:\Vital Data Bank\YCP\YCP Summer '16\Embedded
#        Systems\QUADROTOR_CONTROLLER_STM32F070\STM32F070CBT6_QUADROTOR_CONTROLLER\EWARM\STM32F070CBT6_QUADROTOR_CONTROLLER\Obj\IMU.o"
#        "J:\Vital Data Bank\YCP\YCP Summer '16\Embedded
#        Systems\QUADROTOR_CONTROLLER_STM32F070\STM32F070CBT6_QUADROTOR_CONTROLLER\EWARM\STM32F070CBT6_QUADROTOR_CONTROLLER\Obj\kalman.o"
#        "J:\Vital Data Bank\YCP\YCP Summer '16\Embedded
#        Systems\QUADROTOR_CONTROLLER_STM32F070\STM32F070CBT6_QUADROTOR_CONTROLLER\EWARM\STM32F070CBT6_QUADROTOR_CONTROLLER\Obj\main.o"
#        "J:\Vital Data Bank\YCP\YCP Summer '16\Embedded
#        Systems\QUADROTOR_CONTROLLER_STM32F070\STM32F070CBT6_QUADROTOR_CONTROLLER\EWARM\STM32F070CBT6_QUADROTOR_CONTROLLER\Obj\NRF_Utilities.o"
#        "J:\Vital Data Bank\YCP\YCP Summer '16\Embedded
#        Systems\QUADROTOR_CONTROLLER_STM32F070\STM32F070CBT6_QUADROTOR_CONTROLLER\EWARM\STM32F070CBT6_QUADROTOR_CONTROLLER\Obj\PID.o"
#        "J:\Vital Data Bank\YCP\YCP Summer '16\Embedded
#        Systems\QUADROTOR_CONTROLLER_STM32F070\STM32F070CBT6_QUADROTOR_CONTROLLER\EWARM\STM32F070CBT6_QUADROTOR_CONTROLLER\Obj\spi.o"
#        "J:\Vital Data Bank\YCP\YCP Summer '16\Embedded
#        Systems\QUADROTOR_CONTROLLER_STM32F070\STM32F070CBT6_QUADROTOR_CONTROLLER\EWARM\STM32F070CBT6_QUADROTOR_CONTROLLER\Obj\startup_stm32f070xb.o"
#        "J:\Vital Data Bank\YCP\YCP Summer '16\Embedded
#        Systems\QUADROTOR_CONTROLLER_STM32F070\STM32F070CBT6_QUADROTOR_CONTROLLER\EWARM\STM32F070CBT6_QUADROTOR_CONTROLLER\Obj\stm32f0xx_hal.o"
#        "J:\Vital Data Bank\YCP\YCP Summer '16\Embedded
#        Systems\QUADROTOR_CONTROLLER_STM32F070\STM32F070CBT6_QUADROTOR_CONTROLLER\EWARM\STM32F070CBT6_QUADROTOR_CONTROLLER\Obj\stm32f0xx_hal_cortex.o"
#        "J:\Vital Data Bank\YCP\YCP Summer '16\Embedded
#        Systems\QUADROTOR_CONTROLLER_STM32F070\STM32F070CBT6_QUADROTOR_CONTROLLER\EWARM\STM32F070CBT6_QUADROTOR_CONTROLLER\Obj\stm32f0xx_hal_dma.o"
#        "J:\Vital Data Bank\YCP\YCP Summer '16\Embedded
#        Systems\QUADROTOR_CONTROLLER_STM32F070\STM32F070CBT6_QUADROTOR_CONTROLLER\EWARM\STM32F070CBT6_QUADROTOR_CONTROLLER\Obj\stm32f0xx_hal_flash.o"
#        "J:\Vital Data Bank\YCP\YCP Summer '16\Embedded
#        Systems\QUADROTOR_CONTROLLER_STM32F070\STM32F070CBT6_QUADROTOR_CONTROLLER\EWARM\STM32F070CBT6_QUADROTOR_CONTROLLER\Obj\stm32f0xx_hal_flash_ex.o"
#        "J:\Vital Data Bank\YCP\YCP Summer '16\Embedded
#        Systems\QUADROTOR_CONTROLLER_STM32F070\STM32F070CBT6_QUADROTOR_CONTROLLER\EWARM\STM32F070CBT6_QUADROTOR_CONTROLLER\Obj\stm32f0xx_hal_gpio.o"
#        "J:\Vital Data Bank\YCP\YCP Summer '16\Embedded
#        Systems\QUADROTOR_CONTROLLER_STM32F070\STM32F070CBT6_QUADROTOR_CONTROLLER\EWARM\STM32F070CBT6_QUADROTOR_CONTROLLER\Obj\stm32f0xx_hal_i2c.o"
#        "J:\Vital Data Bank\YCP\YCP Summer '16\Embedded
#        Systems\QUADROTOR_CONTROLLER_STM32F070\STM32F070CBT6_QUADROTOR_CONTROLLER\EWARM\STM32F070CBT6_QUADROTOR_CONTROLLER\Obj\stm32f0xx_hal_i2c_ex.o"
#        "J:\Vital Data Bank\YCP\YCP Summer '16\Embedded
#        Systems\QUADROTOR_CONTROLLER_STM32F070\STM32F070CBT6_QUADROTOR_CONTROLLER\EWARM\STM32F070CBT6_QUADROTOR_CONTROLLER\Obj\stm32f0xx_hal_msp.o"
#        "J:\Vital Data Bank\YCP\YCP Summer '16\Embedded
#        Systems\QUADROTOR_CONTROLLER_STM32F070\STM32F070CBT6_QUADROTOR_CONTROLLER\EWARM\STM32F070CBT6_QUADROTOR_CONTROLLER\Obj\stm32f0xx_hal_pwr.o"
#        "J:\Vital Data Bank\YCP\YCP Summer '16\Embedded
#        Systems\QUADROTOR_CONTROLLER_STM32F070\STM32F070CBT6_QUADROTOR_CONTROLLER\EWARM\STM32F070CBT6_QUADROTOR_CONTROLLER\Obj\stm32f0xx_hal_pwr_ex.o"
#        "J:\Vital Data Bank\YCP\YCP Summer '16\Embedded
#        Systems\QUADROTOR_CONTROLLER_STM32F070\STM32F070CBT6_QUADROTOR_CONTROLLER\EWARM\STM32F070CBT6_QUADROTOR_CONTROLLER\Obj\stm32f0xx_hal_rcc.o"
#        "J:\Vital Data Bank\YCP\YCP Summer '16\Embedded
#        Systems\QUADROTOR_CONTROLLER_STM32F070\STM32F070CBT6_QUADROTOR_CONTROLLER\EWARM\STM32F070CBT6_QUADROTOR_CONTROLLER\Obj\stm32f0xx_hal_rcc_ex.o"
#        "J:\Vital Data Bank\YCP\YCP Summer '16\Embedded
#        Systems\QUADROTOR_CONTROLLER_STM32F070\STM32F070CBT6_QUADROTOR_CONTROLLER\EWARM\STM32F070CBT6_QUADROTOR_CONTROLLER\Obj\stm32f0xx_hal_spi.o"
#        "J:\Vital Data Bank\YCP\YCP Summer '16\Embedded
#        Systems\QUADROTOR_CONTROLLER_STM32F070\STM32F070CBT6_QUADROTOR_CONTROLLER\EWARM\STM32F070CBT6_QUADROTOR_CONTROLLER\Obj\stm32f0xx_hal_spi_ex.o"
#        "J:\Vital Data Bank\YCP\YCP Summer '16\Embedded
#        Systems\QUADROTOR_CONTROLLER_STM32F070\STM32F070CBT6_QUADROTOR_CONTROLLER\EWARM\STM32F070CBT6_QUADROTOR_CONTROLLER\Obj\stm32f0xx_hal_tim.o"
#        "J:\Vital Data Bank\YCP\YCP Summer '16\Embedded
#        Systems\QUADROTOR_CONTROLLER_STM32F070\STM32F070CBT6_QUADROTOR_CONTROLLER\EWARM\STM32F070CBT6_QUADROTOR_CONTROLLER\Obj\stm32f0xx_hal_tim_ex.o"
#        "J:\Vital Data Bank\YCP\YCP Summer '16\Embedded
#        Systems\QUADROTOR_CONTROLLER_STM32F070\STM32F070CBT6_QUADROTOR_CONTROLLER\EWARM\STM32F070CBT6_QUADROTOR_CONTROLLER\Obj\stm32f0xx_hal_uart.o"
#        "J:\Vital Data Bank\YCP\YCP Summer '16\Embedded
#        Systems\QUADROTOR_CONTROLLER_STM32F070\STM32F070CBT6_QUADROTOR_CONTROLLER\EWARM\STM32F070CBT6_QUADROTOR_CONTROLLER\Obj\stm32f0xx_hal_uart_ex.o"
#        "J:\Vital Data Bank\YCP\YCP Summer '16\Embedded
#        Systems\QUADROTOR_CONTROLLER_STM32F070\STM32F070CBT6_QUADROTOR_CONTROLLER\EWARM\STM32F070CBT6_QUADROTOR_CONTROLLER\Obj\stm32f0xx_it.o"
#        "J:\Vital Data Bank\YCP\YCP Summer '16\Embedded
#        Systems\QUADROTOR_CONTROLLER_STM32F070\STM32F070CBT6_QUADROTOR_CONTROLLER\EWARM\STM32F070CBT6_QUADROTOR_CONTROLLER\Obj\system_stm32f0xx.o"
#        "J:\Vital Data Bank\YCP\YCP Summer '16\Embedded
#        Systems\QUADROTOR_CONTROLLER_STM32F070\STM32F070CBT6_QUADROTOR_CONTROLLER\EWARM\STM32F070CBT6_QUADROTOR_CONTROLLER\Obj\tim.o"
#        "J:\Vital Data Bank\YCP\YCP Summer '16\Embedded
#        Systems\QUADROTOR_CONTROLLER_STM32F070\STM32F070CBT6_QUADROTOR_CONTROLLER\EWARM\STM32F070CBT6_QUADROTOR_CONTROLLER\Obj\usart.o"
#        --redirect _Printf=_PrintfFull --redirect _Scanf=_ScanfFull -o
#        "J:\Vital Data Bank\YCP\YCP Summer '16\Embedded
#        Systems\QUADROTOR_CONTROLLER_STM32F070\STM32F070CBT6_QUADROTOR_CONTROLLER\EWARM\STM32F070CBT6_QUADROTOR_CONTROLLER\Exe\STM32F070CBT6_QUADROTOR_CONTROLLER.out"
#        --map "J:\Vital Data Bank\YCP\YCP Summer '16\Embedded
#        Systems\QUADROTOR_CONTROLLER_STM32F070\STM32F070CBT6_QUADROTOR_CONTROLLER\EWARM\STM32F070CBT6_QUADROTOR_CONTROLLER\List\STM32F070CBT6_QUADROTOR_CONTROLLER.map"
#        --config "J:\Vital Data Bank\YCP\YCP Summer '16\Embedded
#        Systems\QUADROTOR_CONTROLLER_STM32F070\STM32F070CBT6_QUADROTOR_CONTROLLER\EWARM/stm32f070xb_flash.icf"
#        --semihosting --entry __iar_program_start --vfe
#
###############################################################################

*******************************************************************************
*** RUNTIME MODEL ATTRIBUTES
***

CppFlavor       = *
__SystemLibrary = DLib


*******************************************************************************
*** PLACEMENT SUMMARY
***

"A1":  place at 0x08000000 { ro section .intvec };
"P1":  place in [from 0x08000000 to 0x0801ffff] { ro };
"P2":  place in [from 0x20000000 to 0x20003fff] { rw, block CSTACK, block HEAP };

  Section             Kind        Address    Size  Object
  -------             ----        -------    ----  ------
"A1":                                        0xc0
  .intvec             ro code  0x08000000    0xc0  startup_stm32f070xb.o [1]
                             - 0x080000c0    0xc0

"P1":                                      0x3a54
  .text               ro code  0x080000c0   0x90c  stm32f0xx_hal_spi.o [1]
  .text               ro code  0x080009cc    0xdc  spi.o [1]
  .text               ro code  0x08000aa8    0x70  stm32f0xx_hal.o [1]
  .text               ro code  0x08000b18   0x1ce  main.o [1]
  .text               ro code  0x08000ce6     0x2  startup_stm32f070xb.o [1]
  .text               ro code  0x08000ce8   0x1ca  stm32f0xx_hal_gpio.o [1]
  .text               ro code  0x08000eb2     0x2  startup_stm32f070xb.o [1]
  .text               ro code  0x08000eb4    0x40  stm32f0xx_hal_msp.o [1]
  .text               ro code  0x08000ef4   0x578  stm32f0xx_hal_rcc.o [1]
  .text               ro code  0x0800146c    0xae  I32DivModFast.o [5]
  .text               ro code  0x0800151a     0x2  startup_stm32f070xb.o [1]
  .text               ro code  0x0800151c    0xa2  stm32f0xx_hal_cortex.o [1]
  .text               ro code  0x080015be     0x2  startup_stm32f070xb.o [1]
  .text               ro code  0x080015c0    0xdc  gpio.o [1]
  .text               ro code  0x0800169c   0x1cc  tim.o [1]
  .text               ro code  0x08001868    0x94  i2c.o [1]
  .text               ro code  0x080018fc    0xa0  usart.o [1]
  .text               ro code  0x0800199c   0x434  IMU.o [1]
  .text               ro code  0x08001dd0   0x1a8  NRF_Utilities.o [1]
  .text               ro code  0x08001f78   0x55a  stm32f0xx_hal_tim.o [1]
  .text               ro code  0x080024d2     0x2  startup_stm32f070xb.o [1]
  .text               ro code  0x080024d4   0x254  PID.o [1]
  .text               ro code  0x08002728    0x36  I32ToFlt.o [4]
  .text               ro code  0x0800275e    0xb0  FltMul.o [4]
  .text               ro code  0x0800280e     0x2  startup_stm32f070xb.o [1]
  .text               ro code  0x08002810    0x32  FltToDbl.o [4]
  .text               ro code  0x08002842     0x2  startup_stm32f070xb.o [1]
  .text               ro code  0x08002844    0xe4  stm32f0xx_hal_rcc_ex.o [1]
  .text               ro code  0x08002928    0x34  ABImemcpy.o [5]
  .text               ro code  0x0800295c     0x2  IntDivZer.o [5]
  .text               ro code  0x0800295e     0x2  startup_stm32f070xb.o [1]
  .text               ro code  0x08002960    0x86  stm32f0xx_hal_tim_ex.o [1]
  .text               ro code  0x080029e6     0x2  startup_stm32f070xb.o [1]
  .text               ro code  0x080029e8    0xb0  stm32f0xx_hal_i2c.o [1]
  .text               ro code  0x08002a98    0x54  stm32f0xx_hal_i2c_ex.o [1]
  .text               ro code  0x08002aec   0x29c  stm32f0xx_hal_uart.o [1]
  .text               ro code  0x08002d88    0xaa  FltDiv.o [4]
  .text               ro code  0x08002e32   0x120  FltAddSub.o [4]
  .text               ro code  0x08002f52    0xbe  sqrt.o [4]
  .text               ro code  0x08003010    0x62  DblToFlt.o [4]
  .text               ro code  0x08003072    0xde  atan2f.o [4]
  .text               ro code  0x08003150   0x23c  xfsin.o [4]
  .text               ro code  0x0800338c    0x3a  FltToS32.o [4]
  .text               ro code  0x080033c6   0x184  DblMul.o [4]
  .text               ro code  0x0800354a     0x2  startup_stm32f070xb.o [1]
  .text               ro code  0x0800354c    0x26  FltToU32.o [4]
  .text               ro code  0x08003572     0x2  startup_stm32f070xb.o [1]
  .text               ro code  0x08003574     0xc  iarEdom.o [5]
  .text               ro code  0x08003580    0x26  FltCmpLe.o [4]
  .text               ro code  0x080035a6     0x2  startup_stm32f070xb.o [1]
  .text               ro code  0x080035a8    0xf8  xfatan.o [4]
  .text               ro code  0x080036a0    0x28  FltCmpGe.o [4]
  .text               ro code  0x080036c8    0x10  errno.o [3]
  .text               ro code  0x080036d8    0xec  xfquad.o [4]
  .text               ro code  0x080037c4     0x2  xtls.o [3]
  .text               ro code  0x080037c6    0x56  xfdint.o [4]
  .text               ro code  0x0800381c    0x20  FltCmpEq.o [4]
  .text               ro code  0x0800383c    0x8a  fmodf.o [4]
  .text               ro code  0x080038c6     0x2  startup_stm32f070xb.o [1]
  .text               ro code  0x080038c8    0x68  system_stm32f0xx.o [1]
  .text               ro code  0x08003930    0x3c  zero_init3.o [5]
  .text               ro code  0x0800396c    0x3c  packbits_init_single.o [5]
  .text               ro code  0x080039a8    0x28  stm32f0xx_it.o [1]
  .text               ro code  0x080039d0    0x28  data_init.o [5]
  .iar.init_table     const    0x080039f8    0x20  - Linker created -
  .text               ro code  0x08003a18    0x1a  cmain.o [5]
  .text               ro code  0x08003a32     0x4  low_level_init.o [3]
  .text               ro code  0x08003a36     0x8  exit.o [3]
  .text               ro code  0x08003a3e     0x2  startup_stm32f070xb.o [1]
  .text               ro code  0x08003a40     0xa  cexit.o [5]
  .text               ro code  0x08003a4a     0x2  startup_stm32f070xb.o [1]
  .text               ro code  0x08003a4c    0x14  exit.o [6]
  .text               ro code  0x08003a60    0x10  startup_stm32f070xb.o [1]
  .text               ro code  0x08003a70     0xc  cstartup_M.o [5]
  .text               ro code  0x08003a7c     0x2  startup_stm32f070xb.o [1]
  .text               ro code  0x08003a7e     0x2  startup_stm32f070xb.o [1]
  .text               ro code  0x08003a80     0x2  startup_stm32f070xb.o [1]
  .text               ro code  0x08003a82     0x2  startup_stm32f070xb.o [1]
  .text               ro code  0x08003a84     0x2  startup_stm32f070xb.o [1]
  .text               ro code  0x08003a86     0x2  startup_stm32f070xb.o [1]
  .text               ro code  0x08003a88     0x2  startup_stm32f070xb.o [1]
  .text               ro code  0x08003a8a     0x2  startup_stm32f070xb.o [1]
  .text               ro code  0x08003a8c     0x2  startup_stm32f070xb.o [1]
  .text               ro code  0x08003a8e     0x2  startup_stm32f070xb.o [1]
  .text               ro code  0x08003a90     0x2  startup_stm32f070xb.o [1]
  .text               ro code  0x08003a92     0x2  startup_stm32f070xb.o [1]
  .rodata             const    0x08003a94     0x0  zero_init3.o [5]
  .rodata             const    0x08003a94     0x0  packbits_init_single.o [5]
  Initializer bytes   const    0x08003a94    0x80  <for P2-1>
                             - 0x08003b14  0x3a54

"P2", part 1 of 3:                          0x189
  P2-1                         0x20000000   0x189  <Init block>
    .data             inited   0x20000000    0x14  IMU.o [1]
    .data             inited   0x20000014    0x79  IMU.o [1]
    .data             inited   0x20000090    0x18  NRF_Utilities.o [1]
    .data             inited   0x200000a8    0x30  NRF_Utilities.o [1]
    .data             inited   0x200000d8    0x80  PID.o [1]
    .data             inited   0x20000158    0x28  PID.o [1]
    .data             inited   0x20000180     0x4  system_stm32f0xx.o [1]
    __DLIB_PERTHREAD  inited   0x20000184     0x4  errno.o [3]
    .data             inited   0x20000188     0x1  NRF_Utilities.o [1]
                             - 0x20000189   0x189

"P2", part 2 of 3:                          0x400
  CSTACK                       0x20000190   0x400  <Block>
    CSTACK            uninit   0x20000190   0x400  <Block tail>
                             - 0x20000590   0x400

"P2", part 3 of 3:                          0x244
  .bss                zero     0x20000590    0x70  usart.o [1]
  .bss                zero     0x20000600    0x64  spi.o [1]
  .bss                zero     0x20000664    0x64  spi.o [1]
  .bss                zero     0x200006c8    0x3c  i2c.o [1]
  .bss                zero     0x20000704    0x3c  tim.o [1]
  .bss                zero     0x20000740    0x3c  tim.o [1]
  .bss                zero     0x2000077c    0x30  main.o [1]
  .bss                zero     0x200007ac    0x24  NRF_Utilities.o [1]
  .bss                zero     0x200007d0     0x4  stm32f0xx_hal.o [1]
                             - 0x200007d4   0x244


*******************************************************************************
*** INIT TABLE
***

          Address     Size
          -------     ----
Zero (__iar_zero_init3)
    1 destination range, total size 0x244:
          0x20000590  0x244

Copy/packbits (__iar_packbits_init_single3)
    1 source range, total size 0x80 (32% of destination):
          0x08003a94   0x80
    1 destination range, total size 0x189:
          0x20000000  0x189



*******************************************************************************
*** MODULE SUMMARY
***

    Module                  ro code  ro data  rw data
    ------                  -------  -------  -------
J:\Vital Data Bank\YCP\YCP Summer '16\Embedded Systems\QUADROTOR_CONTROLLER_STM32F070\STM32F070CBT6_QUADROTOR_CONTROLLER\EWARM\STM32F070CBT6_QUADROTOR_CONTROLLER\Obj: [1]
    IMU.o                     1 076       45      141
    NRF_Utilities.o             424       26      109
    PID.o                       596       55      168
    gpio.o                      220
    i2c.o                       148                60
    main.o                      462                48
    spi.o                       220               200
    startup_stm32f070xb.o       262
    stm32f0xx_hal.o             112                 4
    stm32f0xx_hal_cortex.o      162
    stm32f0xx_hal_gpio.o        458
    stm32f0xx_hal_i2c.o         176
    stm32f0xx_hal_i2c_ex.o       84
    stm32f0xx_hal_msp.o          64
    stm32f0xx_hal_rcc.o       1 400
    stm32f0xx_hal_rcc_ex.o      228
    stm32f0xx_hal_spi.o       2 316
    stm32f0xx_hal_tim.o       1 370
    stm32f0xx_hal_tim_ex.o      134
    stm32f0xx_hal_uart.o        668
    stm32f0xx_it.o               40
    system_stm32f0xx.o          104        1        4
    tim.o                       460               120
    usart.o                     160               112
    -------------------------------------------------
    Total:                   11 344      127      966

command line: [2]
    -------------------------------------------------
    Total:

dl6M_tlf.a: [3]
    errno.o                      16        1        4
    exit.o                        8
    low_level_init.o              4
    xtls.o                        2
    -------------------------------------------------
    Total:                       30        1        4

m6M_tl.a: [4]
    DblMul.o                    388
    DblToFlt.o                   98
    FltAddSub.o                 288
    FltCmpEq.o                   32
    FltCmpGe.o                   40
    FltCmpLe.o                   38
    FltDiv.o                    170
    FltMul.o                    176
    FltToDbl.o                   50
    FltToS32.o                   58
    FltToU32.o                   38
    I32ToFlt.o                   54
    atan2f.o                    222
    fmodf.o                     138
    sqrt.o                      190
    xfatan.o                    248
    xfdint.o                     86
    xfquad.o                    236
    xfsin.o                     572
    -------------------------------------------------
    Total:                    3 122

rt6M_tl.a: [5]
    ABImemcpy.o                  52
    I32DivModFast.o             174
    IntDivZer.o                   2
    cexit.o                      10
    cmain.o                      26
    cstartup_M.o                 12
    data_init.o                  40
    iarEdom.o                    12
    packbits_init_single.o       60
    zero_init3.o                 60
    -------------------------------------------------
    Total:                      448

shb_l.a: [6]
    exit.o                       20
    -------------------------------------------------
    Total:                       20

    Gaps                                            3
    Linker created                        32    1 024
-----------------------------------------------------
    Grand Total:             14 964      160    1 997


*******************************************************************************
*** ENTRY LIST
***

Entry                      Address   Size  Type      Object
-----                      -------   ----  ----      ------
.iar.init_table$$Base   0x080039f8          --   Gb  - Linker created -
.iar.init_table$$Limit  0x08003a18          --   Gb  - Linker created -
?main                   0x08003a19         Code  Gb  cmain.o [5]
AVERAGE_MAX             0x20000040    0x4  Data  Gb  IMU.o [1]
CONFIG                  0x20000094    0x1  Data  Gb  NRF_Utilities.o [1]
CSTACK$$Base            0x20000190          --   Gb  - Linker created -
CSTACK$$Limit           0x20000590          --   Gb  - Linker created -
ConfigBuffer            0x200007ac   0x24  Data  Gb  NRF_Utilities.o [1]
DYNPD                   0x2000009f    0x1  Data  Gb  NRF_Utilities.o [1]
DerivativeK             0x200007a2    0x2  Data  Gb  main.o [1]
EN_AA                   0x20000095    0x1  Data  Gb  NRF_Utilities.o [1]
EN_RXADDR               0x20000096    0x1  Data  Gb  NRF_Utilities.o [1]
EXTI4_15_IRQHandler     0x080039bd   0x10  Code  Gb  stm32f0xx_it.o [1]
Error_Handler           0x08000ce5    0x2  Code  Gb  main.o [1]
FEATURE                 0x200000a0    0x1  Data  Gb  NRF_Utilities.o [1]
FLUSH_RX                0x20000093    0x1  Data  Gb  NRF_Utilities.o [1]
FLUSH_TX                0x20000092    0x1  Data  Gb  NRF_Utilities.o [1]
HAL_Delay               0x08000af7   0x18  Code  Wk  stm32f0xx_hal.o [1]
HAL_GPIO_EXTI_Callback  0x08000eb1    0x2  Code  Wk  stm32f0xx_hal_gpio.o [1]
HAL_GPIO_EXTI_IRQHandler
                        0x08000e7f   0x14  Code  Gb  stm32f0xx_hal_gpio.o [1]
HAL_GPIO_Init           0x08000ce9  0x18a  Code  Gb  stm32f0xx_hal_gpio.o [1]
HAL_GPIO_WritePin       0x08000e73    0xc  Code  Gb  stm32f0xx_hal_gpio.o [1]
HAL_GetTick             0x08000af1    0x6  Code  Wk  stm32f0xx_hal.o [1]
HAL_I2CEx_ConfigAnalogFilter
                        0x08002a99   0x3a  Code  Gb  stm32f0xx_hal_i2c_ex.o [1]
HAL_I2C_Init            0x080029e9   0xa2  Code  Gb  stm32f0xx_hal_i2c.o [1]
HAL_I2C_MspInit         0x080018a7   0x42  Code  Gb  i2c.o [1]
HAL_IncTick             0x08000ae7    0xa  Code  Wk  stm32f0xx_hal.o [1]
HAL_Init                0x08000aa9   0x1a  Code  Gb  stm32f0xx_hal.o [1]
HAL_InitTick            0x08000ac3   0x24  Code  Wk  stm32f0xx_hal.o [1]
HAL_MspInit             0x08000eb5   0x40  Code  Gb  stm32f0xx_hal_msp.o [1]
HAL_NVIC_EnableIRQ      0x08001557    0xe  Code  Gb  stm32f0xx_hal_cortex.o [1]
HAL_NVIC_SetPriority    0x0800154f    0x8  Code  Gb  stm32f0xx_hal_cortex.o [1]
HAL_RCCEx_PeriphCLKConfig
                        0x08002845   0xce  Code  Gb  stm32f0xx_hal_rcc_ex.o [1]
HAL_RCC_ClockConfig     0x08001289  0x112  Code  Gb  stm32f0xx_hal_rcc.o [1]
HAL_RCC_GetHCLKFreq     0x080013e9   0x1c  Code  Gb  stm32f0xx_hal_rcc.o [1]
HAL_RCC_GetPCLK1Freq    0x08001405   0x18  Code  Gb  stm32f0xx_hal_rcc.o [1]
HAL_RCC_GetSysClockFreq
                        0x080013a1   0x46  Code  Gb  stm32f0xx_hal_rcc.o [1]
HAL_RCC_OscConfig       0x08000ef5  0x390  Code  Gb  stm32f0xx_hal_rcc.o [1]
HAL_SPI_Init            0x080000c1   0xc8  Code  Gb  stm32f0xx_hal_spi.o [1]
HAL_SPI_MspInit         0x08000a27   0x68  Code  Gb  spi.o [1]
HAL_SPI_Receive         0x08000311  0x22c  Code  Gb  stm32f0xx_hal_spi.o [1]
HAL_SPI_Transmit        0x08000189  0x17a  Code  Gb  stm32f0xx_hal_spi.o [1]
HAL_SPI_TransmitReceive
                        0x08000545  0x2a2  Code  Gb  stm32f0xx_hal_spi.o [1]
HAL_SYSTICK_CLKSourceConfig
                        0x0800158d   0x18  Code  Gb  stm32f0xx_hal_cortex.o [1]
HAL_SYSTICK_Callback    0x080015bd    0x2  Code  Wk  stm32f0xx_hal_cortex.o [1]
HAL_SYSTICK_Config      0x08001565   0x28  Code  Gb  stm32f0xx_hal_cortex.o [1]
HAL_SYSTICK_IRQHandler  0x080015b5    0x8  Code  Gb  stm32f0xx_hal_cortex.o [1]
HAL_TIMEx_ConfigBreakDeadTime
                        0x080029a9   0x3e  Code  Gb  stm32f0xx_hal_tim_ex.o [1]
HAL_TIMEx_MasterConfigSynchronization
                        0x08002961   0x48  Code  Gb  stm32f0xx_hal_tim_ex.o [1]
HAL_TIM_Base_Init       0x08001f79   0x1e  Code  Gb  stm32f0xx_hal_tim.o [1]
HAL_TIM_Base_MspInit    0x080017c7   0x20  Code  Gb  tim.o [1]
HAL_TIM_ConfigClockSource
                        0x0800212d   0xce  Code  Gb  stm32f0xx_hal_tim.o [1]
HAL_TIM_MspPostInit     0x08001807   0x46  Code  Gb  tim.o [1]
HAL_TIM_PWM_ConfigChannel
                        0x0800204d   0xd2  Code  Gb  stm32f0xx_hal_tim.o [1]
HAL_TIM_PWM_Init        0x08001fab   0x1e  Code  Gb  stm32f0xx_hal_tim.o [1]
HAL_TIM_PWM_MspInit     0x080017e7   0x20  Code  Gb  tim.o [1]
HAL_TIM_PWM_Start       0x08001fc9    0x6  Code  Gb  stm32f0xx_hal_tim.o [1]
HAL_UART_Init           0x08002aed   0x56  Code  Gb  stm32f0xx_hal_uart.o [1]
HAL_UART_MspInit        0x08001931   0x5a  Code  Gb  usart.o [1]
HardFault_Handler       0x080039ab    0x2  Code  Gb  stm32f0xx_it.o [1]
IntegralK               0x200007a0    0x2  Data  Gb  main.o [1]
KC                      0x20000148    0x4  Data  Gb  PID.o [1]
KeepStaticVals          0x20000154    0x4  Data  Gb  PID.o [1]
MOTORPN_OFFSET          0x2000013c    0x4  Data  Gb  PID.o [1]
MOTORPP_OFFSET          0x20000138    0x4  Data  Gb  PID.o [1]
MOTORRN_OFFSET          0x20000144    0x4  Data  Gb  PID.o [1]
MOTORRP_OFFSET          0x20000140    0x4  Data  Gb  PID.o [1]
MX_GPIO_Init            0x080015c1   0xdc  Code  Gb  gpio.o [1]
MX_I2C1_Init            0x08001869   0x3e  Code  Gb  i2c.o [1]
MX_SPI1_Init            0x080009cd   0x18  Code  Gb  spi.o [1]
MX_SPI2_Init            0x080009e5   0x16  Code  Gb  spi.o [1]
MX_TIM1_Init            0x0800169d   0xbc  Code  Gb  tim.o [1]
MX_TIM3_Init            0x08001759   0x6e  Code  Gb  tim.o [1]
MX_USART1_UART_Init     0x080018fd   0x34  Code  Gb  usart.o [1]
NMI_Handler             0x080039a9    0x2  Code  Gb  stm32f0xx_it.o [1]
NRFCEPin                0x200000a2    0x2  Data  Gb  NRF_Utilities.o [1]
NRFCEPort               0x200000a4    0x4  Data  Gb  NRF_Utilities.o [1]
NRFCSPin                0x200000a8    0x2  Data  Gb  NRF_Utilities.o [1]
NRFCSPort               0x200000b0    0x4  Data  Gb  NRF_Utilities.o [1]
NRFSPIHandle            0x200000ac    0x4  Data  Gb  NRF_Utilities.o [1]
NRFSPITransmit          0x08001dd1   0x40  Code  Gb  NRF_Utilities.o [1]
NVIC_SetPriority        0x0800151d   0x32  Code  Lc  stm32f0xx_hal_cortex.o [1]
OffsetGain              0x200007a4    0x2  Data  Gb  main.o [1]
PC                      0x2000014c    0x4  Data  Gb  PID.o [1]
PI                      0x20000058    0x4  Data  Gb  IMU.o [1]
PIDPitch                0x200000dc    0x4  Data  Gb  PID.o [1]
PIDRoll                 0x200000d8    0x4  Data  Gb  PID.o [1]
PIDYaw                  0x200000e0    0x4  Data  Gb  PID.o [1]
PITCH_MOTOR_CENTER_VAL  0x20000178    0x4  Data  Gb  PID.o [1]
Payload                 0x2000077c   0x20  Data  Gb  main.o [1]
PayloadP                0x200007a8    0x4  Data  Gb  main.o [1]
PayloadReadyFlag        0x2000079c    0x1  Data  Gb  main.o [1]
PendSV_Handler          0x080039af    0x2  Code  Gb  stm32f0xx_it.o [1]
ProportionalK           0x2000079e    0x2  Data  Gb  main.o [1]
RF_CH                   0x20000099    0x1  Data  Gb  NRF_Utilities.o [1]
RF_SETUP                0x2000009a    0x1  Data  Gb  NRF_Utilities.o [1]
ROLL_MOTOR_CENTER_VAL   0x2000017c    0x4  Data  Gb  PID.o [1]
RX_ADDR_P0              0x2000009c    0x1  Data  Gb  NRF_Utilities.o [1]
RX_PW_P0                0x2000009e    0x1  Data  Gb  NRF_Utilities.o [1]
R_RX_PAYLOAD            0x20000188    0x1  Data  Gb  NRF_Utilities.o [1]
ReceivePayload          0x08001f53   0x14  Code  Gb  NRF_Utilities.o [1]
Region$$Table$$Base     0x080039f8          --   Gb  - Linker created -
Region$$Table$$Limit    0x08003a18          --   Gb  - Linker created -
SETUP_AW                0x20000097    0x1  Data  Gb  NRF_Utilities.o [1]
SETUP_RETR              0x20000098    0x1  Data  Gb  NRF_Utilities.o [1]
SPI_EndRxTransaction    0x08000929   0x6e  Code  Lc  stm32f0xx_hal_spi.o [1]
SPI_EndRxTxTransaction  0x08000997   0x32  Code  Lc  stm32f0xx_hal_spi.o [1]
SPI_WaitFifoStateUntilTimeout
                        0x08000881   0xa6  Code  Lc  stm32f0xx_hal_spi.o [1]
SPI_WaitFlagStateUntilTimeout
                        0x080007f5   0x8c  Code  Lc  stm32f0xx_hal_spi.o [1]
STATUS                  0x2000009b    0x1  Data  Gb  NRF_Utilities.o [1]
SVC_Handler             0x080039ad    0x2  Code  Gb  stm32f0xx_it.o [1]
SetupReceiver           0x08001e11  0x11e  Code  Gb  NRF_Utilities.o [1]
SysTick_Handler         0x080039b1    0xc  Code  Gb  stm32f0xx_it.o [1]
SystemClock_Config      0x08000c69   0x7c  Code  Gb  main.o [1]
SystemCoreClock         0x20000180    0x4  Data  Gb  system_stm32f0xx.o [1]
SystemInit              0x080038c9   0x50  Code  Gb  system_stm32f0xx.o [1]
TIM_Base_SetConfig      0x08002201   0x68  Code  Gb  stm32f0xx_hal_tim.o [1]
TIM_CCxChannelCmd       0x080024bd   0x16  Code  Gb  stm32f0xx_hal_tim.o [1]
TIM_ETR_SetConfig       0x08002473   0x14  Code  Lc  stm32f0xx_hal_tim.o [1]
TIM_ITRx_SetConfig      0x08002463   0x10  Code  Lc  stm32f0xx_hal_tim.o [1]
TIM_OC1_SetConfig       0x0800226d   0x74  Code  Lc  stm32f0xx_hal_tim.o [1]
TIM_OC2_SetConfig       0x080022e1   0x68  Code  Gb  stm32f0xx_hal_tim.o [1]
TIM_OC3_SetConfig       0x08002349   0x64  Code  Lc  stm32f0xx_hal_tim.o [1]
TIM_OC4_SetConfig       0x080023ad   0x52  Code  Lc  stm32f0xx_hal_tim.o [1]
TIM_TI1_ConfigInputStage
                        0x0800241d   0x22  Code  Lc  stm32f0xx_hal_tim.o [1]
TIM_TI2_ConfigInputStage
                        0x0800243f   0x24  Code  Lc  stm32f0xx_hal_tim.o [1]
TX_ADDR                 0x2000009d    0x1  Data  Gb  NRF_Utilities.o [1]
UART_AdvFeatureConfig   0x08002c5f   0xc8  Code  Gb  stm32f0xx_hal_uart.o [1]
UART_CheckIdleState     0x08002d31   0x10  Code  Gb  stm32f0xx_hal_uart.o [1]
UART_SetConfig          0x08002b59  0x106  Code  Gb  stm32f0xx_hal_uart.o [1]
W_REGISTER              0x20000090    0x1  Data  Gb  NRF_Utilities.o [1]
W_TX_PAYLOAD            0x20000091    0x1  Data  Gb  NRF_Utilities.o [1]
XH                      0x20000050    0x4  Data  Gb  IMU.o [1]
YH                      0x2000004c    0x4  Data  Gb  IMU.o [1]
ZieglerFlag             0x20000150    0x4  Data  Gb  PID.o [1]
__ICFEDIT_region_RAM_end__ {Abs}
                        0x20003fff          --   Gb  command line/config [2]
__ICFEDIT_region_RAM_start__ {Abs}
                        0x20000000          --   Gb  command line/config [2]
__aeabi_cfcmpeq         0x0800381d         Code  Gb  FltCmpEq.o [4]
__aeabi_cfcmple         0x08003581         Code  Gb  FltCmpLe.o [4]
__aeabi_cfrcmple        0x080036a1         Code  Gb  FltCmpGe.o [4]
__aeabi_d2f             0x08003011         Code  Gb  DblToFlt.o [4]
__aeabi_dmul            0x080033c7         Code  Gb  DblMul.o [4]
__aeabi_errno_addr      0x080036c9    0xa  Code  Gb  errno.o [3]
__aeabi_f2d             0x08002811         Code  Gb  FltToDbl.o [4]
__aeabi_f2iz            0x0800338d         Code  Gb  FltToS32.o [4]
__aeabi_f2uiz           0x0800354d         Code  Gb  FltToU32.o [4]
__aeabi_fadd            0x08002e33         Code  Gb  FltAddSub.o [4]
__aeabi_fdiv            0x08002d89         Code  Gb  FltDiv.o [4]
__aeabi_fmul            0x0800275f         Code  Gb  FltMul.o [4]
__aeabi_fsub            0x08002ea3         Code  Gb  FltAddSub.o [4]
__aeabi_i2f             0x08002729         Code  Gb  I32ToFlt.o [4]
__aeabi_idiv0           0x0800295d         Code  Gb  IntDivZer.o [5]
__aeabi_memcpy4         0x08002929         Code  Wk  ABImemcpy.o [5]
__aeabi_ui2f            0x08002741         Code  Gb  I32ToFlt.o [4]
__aeabi_uidiv           0x0800146d         Code  Gb  I32DivModFast.o [5]
__aeabi_uidivmod        0x0800146d         Code  Gb  I32DivModFast.o [5]
__cmain                 0x08003a19         Code  Gb  cmain.o [5]
__exit                  0x08003a4d   0x14  Code  Gb  exit.o [6]
__iar_Errno             0x20000184    0x4  Data  Gb  errno.o [3]
__iar_FAtan             0x080035a9   0xb8  Code  Gb  xfatan.o [4]
__iar_FDint             0x080037c7   0x56  Code  Gb  xfdint.o [4]
__iar_FQuad             0x080036d9   0xec  Code  Gb  xfquad.o [4]
__iar_FSin              0x08003151  0x23c  Code  Gb  xfsin.o [4]
__iar_data_init3        0x080039d1   0x28  Code  Gb  data_init.o [5]
__iar_dlib_perthread_access
                        0x080037c5    0x2  Code  Gb  xtls.o [3]
__iar_edom              0x08003575         Code  Gb  iarEdom.o [5]
__iar_fmodf             0x0800383d         Code  Gb  fmodf.o [4]
__iar_packbits_init_single3
                        0x0800396d   0x3c  Code  Gb  packbits_init_single.o [5]
__iar_program_start     0x08003a71         Code  Gb  cstartup_M.o [5]
__iar_sqrt              0x08002f53         Code  Gb  sqrt.o [4]
__iar_ui2f              0x08002745         Code  Gb  I32ToFlt.o [4]
__iar_zero_init3        0x08003931   0x3c  Code  Gb  zero_init3.o [5]
__low_level_init        0x08003a33    0x4  Code  Gb  low_level_init.o [3]
__vector_table          0x08000000         Data  Gb  startup_stm32f070xb.o [1]
_call_main              0x08003a25         Code  Gb  cmain.o [5]
_exit                   0x08003a41         Code  Gb  cexit.o [5]
_main                   0x08003a2f         Code  Gb  cmain.o [5]
a                       0x08003680   0x20  Data  Lc  xfatan.o [4]
aAPBAHBPrescTable       0x0800145c   0x10  Data  Gb  stm32f0xx_hal_rcc.o [1]
acceENaddrW             0x2000000a    0x2  Data  Gb  IMU.o [1]
acceODRBWaddrW          0x20000008    0x2  Data  Gb  IMU.o [1]
acce_status             0x20000020    0x1  Data  Gb  IMU.o [1]
accel_range             0x2000003c    0x4  Data  Gb  IMU.o [1]
acceleration_x          0x20000030    0x4  Data  Gb  IMU.o [1]
acceleration_y          0x20000034    0x4  Data  Gb  IMU.o [1]
acceleration_z          0x20000038    0x4  Data  Gb  IMU.o [1]
atan2f                  0x08003073   0xde  Code  Gb  atan2f.o [4]
counter                 0x20000022    0x2  Data  Gb  IMU.o [1]
data_acc                0x2000008c    0x1  Data  Gb  IMU.o [1]
data_accback            0x20000014    0xc  Data  Gb  IMU.o [1]
exit                    0x08003a37    0x8  Code  Gb  exit.o [3]
fmodf                   0x0800383d         Code  Gb  fmodf.o [4]
getAllVals              0x08001b2d  0x27c  Code  Gb  IMU.o [1]
getPitch                0x08001dad    0x4  Code  Gb  IMU.o [1]
getRoll                 0x08001da9    0x4  Code  Gb  IMU.o [1]
getYaw                  0x08001db1    0x4  Code  Gb  IMU.o [1]
gyroENaddrW             0x20000006    0x2  Data  Gb  IMU.o [1]
gyroODRBWaddrW          0x20000004    0x2  Data  Gb  IMU.o [1]
hi2c1                   0x200006c8   0x3c  Data  Gb  i2c.o [1]
hspi1                   0x20000600   0x64  Data  Gb  spi.o [1]
hspi2                   0x20000664   0x64  Data  Gb  spi.o [1]
htim1                   0x20000704   0x3c  Data  Gb  tim.o [1]
htim3                   0x20000740   0x3c  Data  Gb  tim.o [1]
huart1                  0x20000590   0x70  Data  Gb  usart.o [1]
initIMU                 0x0800199d  0x186  Code  Gb  IMU.o [1]
mag_powerup             0x20000000    0x2  Data  Gb  IMU.o [1]
mag_powerup_rd          0x20000002    0x2  Data  Gb  IMU.o [1]
magnometer_x            0x20000024    0x4  Data  Gb  IMU.o [1]
magnometer_y            0x20000028    0x4  Data  Gb  IMU.o [1]
magnometer_z            0x2000002c    0x4  Data  Gb  IMU.o [1]
main                    0x08000b19  0x134  Code  Gb  main.o [1]
motorPN                 0x20000134    0x4  Data  Gb  PID.o [1]
motorPP                 0x20000130    0x4  Data  Gb  PID.o [1]
motorRN                 0x2000012c    0x4  Data  Gb  PID.o [1]
motorRP                 0x20000128    0x4  Data  Gb  PID.o [1]
pitch                   0x20000044    0x4  Data  Gb  IMU.o [1]
pitchDout               0x2000010c    0x4  Data  Gb  PID.o [1]
pitchError              0x20000110    0x4  Data  Gb  PID.o [1]
pitchIout               0x20000108    0x4  Data  Gb  PID.o [1]
pitchKd                 0x2000016c    0x4  Data  Gb  PID.o [1]
pitchKi                 0x20000168    0x4  Data  Gb  PID.o [1]
pitchKp                 0x20000164    0x4  Data  Gb  PID.o [1]
pitchLastError          0x20000114    0x4  Data  Gb  PID.o [1]
pitchNewArea            0x20000118    0x4  Data  Gb  PID.o [1]
pitchOut                0x20000120    0x4  Data  Gb  PID.o [1]
pitchPout               0x20000104    0x4  Data  Gb  PID.o [1]
pitchRunningArea        0x2000011c    0x4  Data  Gb  PID.o [1]
pitchTarget             0x20000170    0x4  Data  Gb  PID.o [1]
rData                   0x200000b4   0x24  Data  Gb  NRF_Utilities.o [1]
roll                    0x20000048    0x4  Data  Gb  IMU.o [1]
rollDout                0x200000f0    0x4  Data  Gb  PID.o [1]
rollError               0x200000f4    0x4  Data  Gb  PID.o [1]
rollIout                0x200000ec    0x4  Data  Gb  PID.o [1]
rollKd                  0x20000160    0x4  Data  Gb  PID.o [1]
rollKi                  0x2000015c    0x4  Data  Gb  PID.o [1]
rollKp                  0x20000158    0x4  Data  Gb  PID.o [1]
rollLastError           0x200000f8    0x4  Data  Gb  PID.o [1]
rollNewArea             0x200000fc    0x4  Data  Gb  PID.o [1]
rollOut                 0x20000124    0x4  Data  Gb  PID.o [1]
rollPout                0x200000e8    0x4  Data  Gb  PID.o [1]
rollRunningArea         0x20000100    0x4  Data  Gb  PID.o [1]
rollTarget              0x20000174    0x4  Data  Gb  PID.o [1]
runAvgAx                0x2000005c    0x4  Data  Gb  IMU.o [1]
runAvgAy                0x20000060    0x4  Data  Gb  IMU.o [1]
runAvgAz                0x20000064    0x4  Data  Gb  IMU.o [1]
runAvgMx                0x20000074    0x4  Data  Gb  IMU.o [1]
runAvgMy                0x20000078    0x4  Data  Gb  IMU.o [1]
runAvgMz                0x2000007c    0x4  Data  Gb  IMU.o [1]
runSumAx                0x20000068    0x4  Data  Gb  IMU.o [1]
runSumAy                0x2000006c    0x4  Data  Gb  IMU.o [1]
runSumAz                0x20000070    0x4  Data  Gb  IMU.o [1]
runSumMx                0x20000080    0x4  Data  Gb  IMU.o [1]
runSumMy                0x20000084    0x4  Data  Gb  IMU.o [1]
runSumMz                0x20000088    0x4  Data  Gb  IMU.o [1]
setCent                 0x080024ed    0xe  Code  Gb  PID.o [1]
setD                    0x080024e5    0x8  Code  Gb  PID.o [1]
setI                    0x080024dd    0x8  Code  Gb  PID.o [1]
setP                    0x080024d5    0x8  Code  Gb  PID.o [1]
sqrt                    0x08002f53         Code  Gb  sqrt.o [4]
sqrtl                   0x08002f53         Code  Gb  sqrt.o [4]
stabilize               0x080024fb  0x204  Code  Gb  PID.o [1]
timeInterval            0x200000e4    0x4  Data  Gb  PID.o [1]
trrx                    0x20000010    0x4  Data  Gb  IMU.o [1]
trtx                    0x2000000c    0x4  Data  Gb  IMU.o [1]
uwTick                  0x200007d0    0x4  Data  Lc  stm32f0xx_hal.o [1]
yaw                     0x20000054    0x4  Data  Gb  IMU.o [1]


[1] = J:\Vital Data Bank\YCP\YCP Summer '16\Embedded Systems\QUADROTOR_CONTROLLER_STM32F070\STM32F070CBT6_QUADROTOR_CONTROLLER\EWARM\STM32F070CBT6_QUADROTOR_CONTROLLER\Obj
[2] = command line
[3] = dl6M_tlf.a
[4] = m6M_tl.a
[5] = rt6M_tl.a
[6] = shb_l.a

  14 964 bytes of readonly  code memory
     160 bytes of readonly  data memory
   1 997 bytes of readwrite data memory

Errors: none
Warnings: none
