###############################################################################
#
# IAR ELF Linker V7.50.2.10312/W32 for ARM                05/Aug/2016  03:24:33
# Copyright 2007-2015 IAR Systems AB.
#
#    Output file  =  
#        J:\Vital Data Bank\YCP\YCP Summer '16\Embedded
#        Systems\QUADROTOR_CONTROLLER_STM32F070\STM32F070CBT6_QUADROTOR_CONTROLLER\EWARM\STM32F070CBT6_QUADROTOR_CONTROLLER\Exe\STM32F070CBT6_QUADROTOR_CONTROLLER.out
#    Map file     =  
#        J:\Vital Data Bank\YCP\YCP Summer '16\Embedded
#        Systems\QUADROTOR_CONTROLLER_STM32F070\STM32F070CBT6_QUADROTOR_CONTROLLER\EWARM\STM32F070CBT6_QUADROTOR_CONTROLLER\List\STM32F070CBT6_QUADROTOR_CONTROLLER.map
#    Command line =  
#        "J:\Vital Data Bank\YCP\YCP Summer '16\Embedded
#        Systems\QUADROTOR_CONTROLLER_STM32F070\STM32F070CBT6_QUADROTOR_CONTROLLER\EWARM\STM32F070CBT6_QUADROTOR_CONTROLLER\Obj\gpio.o"
#        "J:\Vital Data Bank\YCP\YCP Summer '16\Embedded
#        Systems\QUADROTOR_CONTROLLER_STM32F070\STM32F070CBT6_QUADROTOR_CONTROLLER\EWARM\STM32F070CBT6_QUADROTOR_CONTROLLER\Obj\GPS.o"
#        "J:\Vital Data Bank\YCP\YCP Summer '16\Embedded
#        Systems\QUADROTOR_CONTROLLER_STM32F070\STM32F070CBT6_QUADROTOR_CONTROLLER\EWARM\STM32F070CBT6_QUADROTOR_CONTROLLER\Obj\i2c.o"
#        "J:\Vital Data Bank\YCP\YCP Summer '16\Embedded
#        Systems\QUADROTOR_CONTROLLER_STM32F070\STM32F070CBT6_QUADROTOR_CONTROLLER\EWARM\STM32F070CBT6_QUADROTOR_CONTROLLER\Obj\IMU.o"
#        "J:\Vital Data Bank\YCP\YCP Summer '16\Embedded
#        Systems\QUADROTOR_CONTROLLER_STM32F070\STM32F070CBT6_QUADROTOR_CONTROLLER\EWARM\STM32F070CBT6_QUADROTOR_CONTROLLER\Obj\kalman.o"
#        "J:\Vital Data Bank\YCP\YCP Summer '16\Embedded
#        Systems\QUADROTOR_CONTROLLER_STM32F070\STM32F070CBT6_QUADROTOR_CONTROLLER\EWARM\STM32F070CBT6_QUADROTOR_CONTROLLER\Obj\main.o"
#        "J:\Vital Data Bank\YCP\YCP Summer '16\Embedded
#        Systems\QUADROTOR_CONTROLLER_STM32F070\STM32F070CBT6_QUADROTOR_CONTROLLER\EWARM\STM32F070CBT6_QUADROTOR_CONTROLLER\Obj\NRF_Utilities.o"
#        "J:\Vital Data Bank\YCP\YCP Summer '16\Embedded
#        Systems\QUADROTOR_CONTROLLER_STM32F070\STM32F070CBT6_QUADROTOR_CONTROLLER\EWARM\STM32F070CBT6_QUADROTOR_CONTROLLER\Obj\PID.o"
#        "J:\Vital Data Bank\YCP\YCP Summer '16\Embedded
#        Systems\QUADROTOR_CONTROLLER_STM32F070\STM32F070CBT6_QUADROTOR_CONTROLLER\EWARM\STM32F070CBT6_QUADROTOR_CONTROLLER\Obj\spi.o"
#        "J:\Vital Data Bank\YCP\YCP Summer '16\Embedded
#        Systems\QUADROTOR_CONTROLLER_STM32F070\STM32F070CBT6_QUADROTOR_CONTROLLER\EWARM\STM32F070CBT6_QUADROTOR_CONTROLLER\Obj\startup_stm32f070xb.o"
#        "J:\Vital Data Bank\YCP\YCP Summer '16\Embedded
#        Systems\QUADROTOR_CONTROLLER_STM32F070\STM32F070CBT6_QUADROTOR_CONTROLLER\EWARM\STM32F070CBT6_QUADROTOR_CONTROLLER\Obj\stm32f0xx_hal.o"
#        "J:\Vital Data Bank\YCP\YCP Summer '16\Embedded
#        Systems\QUADROTOR_CONTROLLER_STM32F070\STM32F070CBT6_QUADROTOR_CONTROLLER\EWARM\STM32F070CBT6_QUADROTOR_CONTROLLER\Obj\stm32f0xx_hal_cortex.o"
#        "J:\Vital Data Bank\YCP\YCP Summer '16\Embedded
#        Systems\QUADROTOR_CONTROLLER_STM32F070\STM32F070CBT6_QUADROTOR_CONTROLLER\EWARM\STM32F070CBT6_QUADROTOR_CONTROLLER\Obj\stm32f0xx_hal_dma.o"
#        "J:\Vital Data Bank\YCP\YCP Summer '16\Embedded
#        Systems\QUADROTOR_CONTROLLER_STM32F070\STM32F070CBT6_QUADROTOR_CONTROLLER\EWARM\STM32F070CBT6_QUADROTOR_CONTROLLER\Obj\stm32f0xx_hal_flash.o"
#        "J:\Vital Data Bank\YCP\YCP Summer '16\Embedded
#        Systems\QUADROTOR_CONTROLLER_STM32F070\STM32F070CBT6_QUADROTOR_CONTROLLER\EWARM\STM32F070CBT6_QUADROTOR_CONTROLLER\Obj\stm32f0xx_hal_flash_ex.o"
#        "J:\Vital Data Bank\YCP\YCP Summer '16\Embedded
#        Systems\QUADROTOR_CONTROLLER_STM32F070\STM32F070CBT6_QUADROTOR_CONTROLLER\EWARM\STM32F070CBT6_QUADROTOR_CONTROLLER\Obj\stm32f0xx_hal_gpio.o"
#        "J:\Vital Data Bank\YCP\YCP Summer '16\Embedded
#        Systems\QUADROTOR_CONTROLLER_STM32F070\STM32F070CBT6_QUADROTOR_CONTROLLER\EWARM\STM32F070CBT6_QUADROTOR_CONTROLLER\Obj\stm32f0xx_hal_i2c.o"
#        "J:\Vital Data Bank\YCP\YCP Summer '16\Embedded
#        Systems\QUADROTOR_CONTROLLER_STM32F070\STM32F070CBT6_QUADROTOR_CONTROLLER\EWARM\STM32F070CBT6_QUADROTOR_CONTROLLER\Obj\stm32f0xx_hal_i2c_ex.o"
#        "J:\Vital Data Bank\YCP\YCP Summer '16\Embedded
#        Systems\QUADROTOR_CONTROLLER_STM32F070\STM32F070CBT6_QUADROTOR_CONTROLLER\EWARM\STM32F070CBT6_QUADROTOR_CONTROLLER\Obj\stm32f0xx_hal_msp.o"
#        "J:\Vital Data Bank\YCP\YCP Summer '16\Embedded
#        Systems\QUADROTOR_CONTROLLER_STM32F070\STM32F070CBT6_QUADROTOR_CONTROLLER\EWARM\STM32F070CBT6_QUADROTOR_CONTROLLER\Obj\stm32f0xx_hal_pwr.o"
#        "J:\Vital Data Bank\YCP\YCP Summer '16\Embedded
#        Systems\QUADROTOR_CONTROLLER_STM32F070\STM32F070CBT6_QUADROTOR_CONTROLLER\EWARM\STM32F070CBT6_QUADROTOR_CONTROLLER\Obj\stm32f0xx_hal_pwr_ex.o"
#        "J:\Vital Data Bank\YCP\YCP Summer '16\Embedded
#        Systems\QUADROTOR_CONTROLLER_STM32F070\STM32F070CBT6_QUADROTOR_CONTROLLER\EWARM\STM32F070CBT6_QUADROTOR_CONTROLLER\Obj\stm32f0xx_hal_rcc.o"
#        "J:\Vital Data Bank\YCP\YCP Summer '16\Embedded
#        Systems\QUADROTOR_CONTROLLER_STM32F070\STM32F070CBT6_QUADROTOR_CONTROLLER\EWARM\STM32F070CBT6_QUADROTOR_CONTROLLER\Obj\stm32f0xx_hal_rcc_ex.o"
#        "J:\Vital Data Bank\YCP\YCP Summer '16\Embedded
#        Systems\QUADROTOR_CONTROLLER_STM32F070\STM32F070CBT6_QUADROTOR_CONTROLLER\EWARM\STM32F070CBT6_QUADROTOR_CONTROLLER\Obj\stm32f0xx_hal_spi.o"
#        "J:\Vital Data Bank\YCP\YCP Summer '16\Embedded
#        Systems\QUADROTOR_CONTROLLER_STM32F070\STM32F070CBT6_QUADROTOR_CONTROLLER\EWARM\STM32F070CBT6_QUADROTOR_CONTROLLER\Obj\stm32f0xx_hal_spi_ex.o"
#        "J:\Vital Data Bank\YCP\YCP Summer '16\Embedded
#        Systems\QUADROTOR_CONTROLLER_STM32F070\STM32F070CBT6_QUADROTOR_CONTROLLER\EWARM\STM32F070CBT6_QUADROTOR_CONTROLLER\Obj\stm32f0xx_hal_tim.o"
#        "J:\Vital Data Bank\YCP\YCP Summer '16\Embedded
#        Systems\QUADROTOR_CONTROLLER_STM32F070\STM32F070CBT6_QUADROTOR_CONTROLLER\EWARM\STM32F070CBT6_QUADROTOR_CONTROLLER\Obj\stm32f0xx_hal_tim_ex.o"
#        "J:\Vital Data Bank\YCP\YCP Summer '16\Embedded
#        Systems\QUADROTOR_CONTROLLER_STM32F070\STM32F070CBT6_QUADROTOR_CONTROLLER\EWARM\STM32F070CBT6_QUADROTOR_CONTROLLER\Obj\stm32f0xx_hal_uart.o"
#        "J:\Vital Data Bank\YCP\YCP Summer '16\Embedded
#        Systems\QUADROTOR_CONTROLLER_STM32F070\STM32F070CBT6_QUADROTOR_CONTROLLER\EWARM\STM32F070CBT6_QUADROTOR_CONTROLLER\Obj\stm32f0xx_hal_uart_ex.o"
#        "J:\Vital Data Bank\YCP\YCP Summer '16\Embedded
#        Systems\QUADROTOR_CONTROLLER_STM32F070\STM32F070CBT6_QUADROTOR_CONTROLLER\EWARM\STM32F070CBT6_QUADROTOR_CONTROLLER\Obj\stm32f0xx_it.o"
#        "J:\Vital Data Bank\YCP\YCP Summer '16\Embedded
#        Systems\QUADROTOR_CONTROLLER_STM32F070\STM32F070CBT6_QUADROTOR_CONTROLLER\EWARM\STM32F070CBT6_QUADROTOR_CONTROLLER\Obj\system_stm32f0xx.o"
#        "J:\Vital Data Bank\YCP\YCP Summer '16\Embedded
#        Systems\QUADROTOR_CONTROLLER_STM32F070\STM32F070CBT6_QUADROTOR_CONTROLLER\EWARM\STM32F070CBT6_QUADROTOR_CONTROLLER\Obj\tim.o"
#        "J:\Vital Data Bank\YCP\YCP Summer '16\Embedded
#        Systems\QUADROTOR_CONTROLLER_STM32F070\STM32F070CBT6_QUADROTOR_CONTROLLER\EWARM\STM32F070CBT6_QUADROTOR_CONTROLLER\Obj\usart.o"
#        --redirect _Printf=_PrintfFull --redirect _Scanf=_ScanfFull -o
#        "J:\Vital Data Bank\YCP\YCP Summer '16\Embedded
#        Systems\QUADROTOR_CONTROLLER_STM32F070\STM32F070CBT6_QUADROTOR_CONTROLLER\EWARM\STM32F070CBT6_QUADROTOR_CONTROLLER\Exe\STM32F070CBT6_QUADROTOR_CONTROLLER.out"
#        --map "J:\Vital Data Bank\YCP\YCP Summer '16\Embedded
#        Systems\QUADROTOR_CONTROLLER_STM32F070\STM32F070CBT6_QUADROTOR_CONTROLLER\EWARM\STM32F070CBT6_QUADROTOR_CONTROLLER\List\STM32F070CBT6_QUADROTOR_CONTROLLER.map"
#        --config "J:\Vital Data Bank\YCP\YCP Summer '16\Embedded
#        Systems\QUADROTOR_CONTROLLER_STM32F070\STM32F070CBT6_QUADROTOR_CONTROLLER\EWARM/stm32f070xb_flash.icf"
#        --semihosting --entry __iar_program_start --vfe
#
###############################################################################

*******************************************************************************
*** RUNTIME MODEL ATTRIBUTES
***

CppFlavor       = *
__SystemLibrary = DLib


*******************************************************************************
*** PLACEMENT SUMMARY
***

"A1":  place at 0x08000000 { ro section .intvec };
"P1":  place in [from 0x08000000 to 0x0801ffff] { ro };
"P2":  place in [from 0x20000000 to 0x20003fff] { rw, block CSTACK, block HEAP };

  Section             Kind        Address    Size  Object
  -------             ----        -------    ----  ------
"A1":                                        0xc0
  .intvec             ro code  0x08000000    0xc0  startup_stm32f070xb.o [1]
                             - 0x080000c0    0xc0

"P1":                                      0x3ad6
  .text               ro code  0x080000c0   0x90c  stm32f0xx_hal_spi.o [1]
  .text               ro code  0x080009cc    0xfc  spi.o [1]
  .text               ro code  0x08000ac8    0x70  stm32f0xx_hal.o [1]
  .text               ro code  0x08000b38   0x1ce  main.o [1]
  .text               ro code  0x08000d06     0x2  startup_stm32f070xb.o [1]
  .text               ro code  0x08000d08   0x1ca  stm32f0xx_hal_gpio.o [1]
  .text               ro code  0x08000ed2     0x2  startup_stm32f070xb.o [1]
  .text               ro code  0x08000ed4    0x40  stm32f0xx_hal_msp.o [1]
  .text               ro code  0x08000f14   0x578  stm32f0xx_hal_rcc.o [1]
  .text               ro code  0x0800148c    0xae  I32DivModFast.o [5]
  .text               ro code  0x0800153a     0x2  startup_stm32f070xb.o [1]
  .text               ro code  0x0800153c    0xa2  stm32f0xx_hal_cortex.o [1]
  .text               ro code  0x080015de     0x2  startup_stm32f070xb.o [1]
  .text               ro code  0x080015e0    0xdc  gpio.o [1]
  .text               ro code  0x080016bc   0x1cc  tim.o [1]
  .text               ro code  0x08001888    0x94  i2c.o [1]
  .text               ro code  0x0800191c    0xa0  usart.o [1]
  .text               ro code  0x080019bc   0x40c  IMU.o [1]
  .text               ro code  0x08001dc8   0x20c  NRF_Utilities.o [1]
  .text               ro code  0x08001fd4   0x55a  stm32f0xx_hal_tim.o [1]
  .text               ro code  0x0800252e     0x2  startup_stm32f070xb.o [1]
  .text               ro code  0x08002530   0x264  PID.o [1]
  .text               ro code  0x08002794    0x36  I32ToFlt.o [4]
  .text               ro code  0x080027ca    0xb0  FltMul.o [4]
  .text               ro code  0x0800287a     0x2  startup_stm32f070xb.o [1]
  .text               ro code  0x0800287c    0x32  FltToDbl.o [4]
  .text               ro code  0x080028ae     0x2  startup_stm32f070xb.o [1]
  .text               ro code  0x080028b0    0xe4  stm32f0xx_hal_rcc_ex.o [1]
  .text               ro code  0x08002994    0x34  ABImemcpy.o [5]
  .text               ro code  0x080029c8     0x2  IntDivZer.o [5]
  .text               ro code  0x080029ca     0x2  startup_stm32f070xb.o [1]
  .text               ro code  0x080029cc    0x86  stm32f0xx_hal_tim_ex.o [1]
  .text               ro code  0x08002a52     0x2  startup_stm32f070xb.o [1]
  .text               ro code  0x08002a54    0xb0  stm32f0xx_hal_i2c.o [1]
  .text               ro code  0x08002b04    0x54  stm32f0xx_hal_i2c_ex.o [1]
  .text               ro code  0x08002b58   0x29c  stm32f0xx_hal_uart.o [1]
  .text               ro code  0x08002df4    0xaa  FltDiv.o [4]
  .text               ro code  0x08002e9e   0x120  FltAddSub.o [4]
  .text               ro code  0x08002fbe    0xbe  sqrt.o [4]
  .text               ro code  0x0800307c    0x62  DblToFlt.o [4]
  .text               ro code  0x080030de    0xde  atan2f.o [4]
  .text               ro code  0x080031bc   0x23c  xfsin.o [4]
  .text               ro code  0x080033f8    0x3a  FltToS32.o [4]
  .text               ro code  0x08003432   0x184  DblMul.o [4]
  .text               ro code  0x080035b6     0x2  startup_stm32f070xb.o [1]
  .text               ro code  0x080035b8    0x26  FltToU32.o [4]
  .text               ro code  0x080035de     0x2  startup_stm32f070xb.o [1]
  .text               ro code  0x080035e0     0xc  iarEdom.o [5]
  .text               ro code  0x080035ec    0x26  FltCmpLe.o [4]
  .text               ro code  0x08003612     0x2  startup_stm32f070xb.o [1]
  .text               ro code  0x08003614    0xf8  xfatan.o [4]
  .text               ro code  0x0800370c    0x28  FltCmpGe.o [4]
  .text               ro code  0x08003734    0x10  errno.o [3]
  .text               ro code  0x08003744    0xec  xfquad.o [4]
  .text               ro code  0x08003830     0x2  xtls.o [3]
  .text               ro code  0x08003832    0x56  xfdint.o [4]
  .text               ro code  0x08003888    0x20  FltCmpEq.o [4]
  .text               ro code  0x080038a8    0x8a  fmodf.o [4]
  .text               ro code  0x08003932     0x2  startup_stm32f070xb.o [1]
  .text               ro code  0x08003934    0x68  system_stm32f0xx.o [1]
  .text               ro code  0x0800399c    0x3c  zero_init3.o [5]
  .text               ro code  0x080039d8    0x3c  packbits_init_single.o [5]
  .text               ro code  0x08003a14    0x28  stm32f0xx_it.o [1]
  .text               ro code  0x08003a3c    0x28  data_init.o [5]
  .iar.init_table     const    0x08003a64    0x20  - Linker created -
  .text               ro code  0x08003a84    0x1a  cmain.o [5]
  .text               ro code  0x08003a9e     0x4  low_level_init.o [3]
  .text               ro code  0x08003aa2     0x8  exit.o [3]
  .text               ro code  0x08003aaa     0x2  startup_stm32f070xb.o [1]
  .text               ro code  0x08003aac     0xa  cexit.o [5]
  .text               ro code  0x08003ab6     0x2  startup_stm32f070xb.o [1]
  .text               ro code  0x08003ab8    0x14  exit.o [6]
  .text               ro code  0x08003acc    0x10  startup_stm32f070xb.o [1]
  .text               ro code  0x08003adc     0xc  cstartup_M.o [5]
  .text               ro code  0x08003ae8     0x2  startup_stm32f070xb.o [1]
  .text               ro code  0x08003aea     0x2  startup_stm32f070xb.o [1]
  .text               ro code  0x08003aec     0x2  startup_stm32f070xb.o [1]
  .text               ro code  0x08003aee     0x2  startup_stm32f070xb.o [1]
  .text               ro code  0x08003af0     0x2  startup_stm32f070xb.o [1]
  .text               ro code  0x08003af2     0x2  startup_stm32f070xb.o [1]
  .text               ro code  0x08003af4     0x2  startup_stm32f070xb.o [1]
  .text               ro code  0x08003af6     0x2  startup_stm32f070xb.o [1]
  .text               ro code  0x08003af8     0x2  startup_stm32f070xb.o [1]
  .text               ro code  0x08003afa     0x2  startup_stm32f070xb.o [1]
  .text               ro code  0x08003afc     0x2  startup_stm32f070xb.o [1]
  .text               ro code  0x08003afe     0x2  startup_stm32f070xb.o [1]
  .rodata             const    0x08003b00     0x0  zero_init3.o [5]
  .rodata             const    0x08003b00     0x0  packbits_init_single.o [5]
  Initializer bytes   const    0x08003b00    0x96  <for P2-1>
                             - 0x08003b96  0x3ad6

"P2", part 1 of 3:                          0x2fe
  P2-1                         0x20000000   0x2fe  <Init block>
    .data             inited   0x20000000    0x6a  IMU.o [1]
    .data             inited   0x2000006c    0x14  IMU.o [1]
    .data             inited   0x20000080   0x154  IMU.o [1]
    .data             inited   0x200001d4    0x18  NRF_Utilities.o [1]
    .data             inited   0x200001ec    0x28  NRF_Utilities.o [1]
    .data             inited   0x20000214    0x30  NRF_Utilities.o [1]
    .data             inited   0x20000244    0x88  PID.o [1]
    .data             inited   0x200002cc    0x28  PID.o [1]
    .data             inited   0x200002f4     0x4  system_stm32f0xx.o [1]
    __DLIB_PERTHREAD  inited   0x200002f8     0x4  errno.o [3]
    .data             inited   0x200002fc     0x1  NRF_Utilities.o [1]
    .data             inited   0x200002fd     0x1  NRF_Utilities.o [1]
                             - 0x200002fe   0x2fe

"P2", part 2 of 3:                          0x400
  CSTACK                       0x20000300   0x400  <Block>
    CSTACK            uninit   0x20000300   0x400  <Block tail>
                             - 0x20000700   0x400

"P2", part 3 of 3:                          0x244
  .bss                zero     0x20000700    0x70  usart.o [1]
  .bss                zero     0x20000770    0x64  spi.o [1]
  .bss                zero     0x200007d4    0x64  spi.o [1]
  .bss                zero     0x20000838    0x3c  i2c.o [1]
  .bss                zero     0x20000874    0x3c  tim.o [1]
  .bss                zero     0x200008b0    0x3c  tim.o [1]
  .bss                zero     0x200008ec    0x30  main.o [1]
  .bss                zero     0x2000091c    0x24  NRF_Utilities.o [1]
  .bss                zero     0x20000940     0x4  stm32f0xx_hal.o [1]
                             - 0x20000944   0x244


*******************************************************************************
*** INIT TABLE
***

          Address     Size
          -------     ----
Zero (__iar_zero_init3)
    1 destination range, total size 0x244:
          0x20000700  0x244

Copy/packbits (__iar_packbits_init_single3)
    1 source range, total size 0x96 (19% of destination):
          0x08003b00   0x96
    1 destination range, total size 0x2fe:
          0x20000000  0x2fe



*******************************************************************************
*** MODULE SUMMARY
***

    Module                  ro code  ro data  rw data
    ------                  -------  -------  -------
J:\Vital Data Bank\YCP\YCP Summer '16\Embedded Systems\QUADROTOR_CONTROLLER_STM32F070\STM32F070CBT6_QUADROTOR_CONTROLLER\EWARM\STM32F070CBT6_QUADROTOR_CONTROLLER\Obj: [1]
    IMU.o                     1 036       91      466
    NRF_Utilities.o             524       23      150
    PID.o                       612       35      176
    gpio.o                      220
    i2c.o                       148                60
    main.o                      462                48
    spi.o                       252               200
    startup_stm32f070xb.o       262
    stm32f0xx_hal.o             112                 4
    stm32f0xx_hal_cortex.o      162
    stm32f0xx_hal_gpio.o        458
    stm32f0xx_hal_i2c.o         176
    stm32f0xx_hal_i2c_ex.o       84
    stm32f0xx_hal_msp.o          64
    stm32f0xx_hal_rcc.o       1 400
    stm32f0xx_hal_rcc_ex.o      228
    stm32f0xx_hal_spi.o       2 316
    stm32f0xx_hal_tim.o       1 370
    stm32f0xx_hal_tim_ex.o      134
    stm32f0xx_hal_uart.o        668
    stm32f0xx_it.o               40
    system_stm32f0xx.o          104                 4
    tim.o                       460               120
    usart.o                     160               112
    -------------------------------------------------
    Total:                   11 452      149    1 340

command line: [2]
    -------------------------------------------------
    Total:

dl6M_tlf.a: [3]
    errno.o                      16        1        4
    exit.o                        8
    low_level_init.o              4
    xtls.o                        2
    -------------------------------------------------
    Total:                       30        1        4

m6M_tl.a: [4]
    DblMul.o                    388
    DblToFlt.o                   98
    FltAddSub.o                 288
    FltCmpEq.o                   32
    FltCmpGe.o                   40
    FltCmpLe.o                   38
    FltDiv.o                    170
    FltMul.o                    176
    FltToDbl.o                   50
    FltToS32.o                   58
    FltToU32.o                   38
    I32ToFlt.o                   54
    atan2f.o                    222
    fmodf.o                     138
    sqrt.o                      190
    xfatan.o                    248
    xfdint.o                     86
    xfquad.o                    236
    xfsin.o                     572
    -------------------------------------------------
    Total:                    3 122

rt6M_tl.a: [5]
    ABImemcpy.o                  52
    I32DivModFast.o             174
    IntDivZer.o                   2
    cexit.o                      10
    cmain.o                      26
    cstartup_M.o                 12
    data_init.o                  40
    iarEdom.o                    12
    packbits_init_single.o       60
    zero_init3.o                 60
    -------------------------------------------------
    Total:                      448

shb_l.a: [6]
    exit.o                       20
    -------------------------------------------------
    Total:                       20

    Gaps                                            2
    Linker created                        32    1 024
-----------------------------------------------------
    Grand Total:             15 072      182    2 370


*******************************************************************************
*** ENTRY LIST
***

Entry                      Address   Size  Type      Object
-----                      -------   ----  ----      ------
.iar.init_table$$Base   0x08003a64          --   Gb  - Linker created -
.iar.init_table$$Limit  0x08003a84          --   Gb  - Linker created -
?main                   0x08003a85         Code  Gb  cmain.o [5]
AVERAGE_MAX             0x20000040    0x4  Data  Gb  IMU.o [1]
AVGCOUNT                0x20000080    0x1  Data  Gb  IMU.o [1]
CONFIG                  0x200001d8    0x1  Data  Gb  NRF_Utilities.o [1]
CSTACK$$Base            0x20000300          --   Gb  - Linker created -
CSTACK$$Limit           0x20000700          --   Gb  - Linker created -
ClearRX_DR              0x08001f71   0x1a  Code  Gb  NRF_Utilities.o [1]
ConfigBuffer            0x2000091c   0x24  Data  Gb  NRF_Utilities.o [1]
DYNPD                   0x200001e3    0x1  Data  Gb  NRF_Utilities.o [1]
DerivativeK             0x20000912    0x2  Data  Gb  main.o [1]
EN_AA                   0x200001d9    0x1  Data  Gb  NRF_Utilities.o [1]
EN_RXADDR               0x200001da    0x1  Data  Gb  NRF_Utilities.o [1]
EXTI4_15_IRQHandler     0x08003a29   0x10  Code  Gb  stm32f0xx_it.o [1]
Error_Handler           0x08000d05    0x2  Code  Gb  main.o [1]
FEATURE                 0x200001e4    0x1  Data  Gb  NRF_Utilities.o [1]
FLUSH_RX                0x200001d7    0x1  Data  Gb  NRF_Utilities.o [1]
FLUSH_TX                0x200001d6    0x1  Data  Gb  NRF_Utilities.o [1]
GetStatus               0x08001f5f   0x12  Code  Gb  NRF_Utilities.o [1]
HAL_Delay               0x08000b17   0x18  Code  Wk  stm32f0xx_hal.o [1]
HAL_GPIO_EXTI_Callback  0x08000ed1    0x2  Code  Wk  stm32f0xx_hal_gpio.o [1]
HAL_GPIO_EXTI_IRQHandler
                        0x08000e9f   0x14  Code  Gb  stm32f0xx_hal_gpio.o [1]
HAL_GPIO_Init           0x08000d09  0x18a  Code  Gb  stm32f0xx_hal_gpio.o [1]
HAL_GPIO_WritePin       0x08000e93    0xc  Code  Gb  stm32f0xx_hal_gpio.o [1]
HAL_GetTick             0x08000b11    0x6  Code  Wk  stm32f0xx_hal.o [1]
HAL_I2CEx_ConfigAnalogFilter
                        0x08002b05   0x3a  Code  Gb  stm32f0xx_hal_i2c_ex.o [1]
HAL_I2C_Init            0x08002a55   0xa2  Code  Gb  stm32f0xx_hal_i2c.o [1]
HAL_I2C_MspInit         0x080018c7   0x42  Code  Gb  i2c.o [1]
HAL_IncTick             0x08000b07    0xa  Code  Wk  stm32f0xx_hal.o [1]
HAL_Init                0x08000ac9   0x1a  Code  Gb  stm32f0xx_hal.o [1]
HAL_InitTick            0x08000ae3   0x24  Code  Wk  stm32f0xx_hal.o [1]
HAL_MspInit             0x08000ed5   0x40  Code  Gb  stm32f0xx_hal_msp.o [1]
HAL_NVIC_EnableIRQ      0x08001577    0xe  Code  Gb  stm32f0xx_hal_cortex.o [1]
HAL_NVIC_SetPriority    0x0800156f    0x8  Code  Gb  stm32f0xx_hal_cortex.o [1]
HAL_RCCEx_PeriphCLKConfig
                        0x080028b1   0xce  Code  Gb  stm32f0xx_hal_rcc_ex.o [1]
HAL_RCC_ClockConfig     0x080012a9  0x112  Code  Gb  stm32f0xx_hal_rcc.o [1]
HAL_RCC_GetHCLKFreq     0x08001409   0x1c  Code  Gb  stm32f0xx_hal_rcc.o [1]
HAL_RCC_GetPCLK1Freq    0x08001425   0x18  Code  Gb  stm32f0xx_hal_rcc.o [1]
HAL_RCC_GetSysClockFreq
                        0x080013c1   0x46  Code  Gb  stm32f0xx_hal_rcc.o [1]
HAL_RCC_OscConfig       0x08000f15  0x390  Code  Gb  stm32f0xx_hal_rcc.o [1]
HAL_SPI_Init            0x080000c1   0xc8  Code  Gb  stm32f0xx_hal_spi.o [1]
HAL_SPI_MspInit         0x08000a47   0x68  Code  Gb  spi.o [1]
HAL_SPI_Receive         0x08000311  0x22c  Code  Gb  stm32f0xx_hal_spi.o [1]
HAL_SPI_Transmit        0x08000189  0x17a  Code  Gb  stm32f0xx_hal_spi.o [1]
HAL_SPI_TransmitReceive
                        0x08000545  0x2a2  Code  Gb  stm32f0xx_hal_spi.o [1]
HAL_SYSTICK_CLKSourceConfig
                        0x080015ad   0x18  Code  Gb  stm32f0xx_hal_cortex.o [1]
HAL_SYSTICK_Callback    0x080015dd    0x2  Code  Wk  stm32f0xx_hal_cortex.o [1]
HAL_SYSTICK_Config      0x08001585   0x28  Code  Gb  stm32f0xx_hal_cortex.o [1]
HAL_SYSTICK_IRQHandler  0x080015d5    0x8  Code  Gb  stm32f0xx_hal_cortex.o [1]
HAL_TIMEx_ConfigBreakDeadTime
                        0x08002a15   0x3e  Code  Gb  stm32f0xx_hal_tim_ex.o [1]
HAL_TIMEx_MasterConfigSynchronization
                        0x080029cd   0x48  Code  Gb  stm32f0xx_hal_tim_ex.o [1]
HAL_TIM_Base_Init       0x08001fd5   0x1e  Code  Gb  stm32f0xx_hal_tim.o [1]
HAL_TIM_Base_MspInit    0x080017e7   0x20  Code  Gb  tim.o [1]
HAL_TIM_ConfigClockSource
                        0x08002189   0xce  Code  Gb  stm32f0xx_hal_tim.o [1]
HAL_TIM_MspPostInit     0x08001827   0x46  Code  Gb  tim.o [1]
HAL_TIM_PWM_ConfigChannel
                        0x080020a9   0xd2  Code  Gb  stm32f0xx_hal_tim.o [1]
HAL_TIM_PWM_Init        0x08002007   0x1e  Code  Gb  stm32f0xx_hal_tim.o [1]
HAL_TIM_PWM_MspInit     0x08001807   0x20  Code  Gb  tim.o [1]
HAL_TIM_PWM_Start       0x08002025    0x6  Code  Gb  stm32f0xx_hal_tim.o [1]
HAL_UART_Init           0x08002b59   0x56  Code  Gb  stm32f0xx_hal_uart.o [1]
HAL_UART_MspInit        0x08001951   0x5a  Code  Gb  usart.o [1]
HardFault_Handler       0x08003a17    0x2  Code  Gb  stm32f0xx_it.o [1]
IRQHandler              0x08001f95   0x30  Code  Gb  NRF_Utilities.o [1]
IntegralK               0x20000910    0x2  Data  Gb  main.o [1]
KC                      0x200002bc    0x4  Data  Gb  PID.o [1]
KeepStaticVals          0x200002c8    0x4  Data  Gb  PID.o [1]
MOTORPN_OFFSET          0x200002ac    0x4  Data  Gb  PID.o [1]
MOTORPP_OFFSET          0x200002a8    0x4  Data  Gb  PID.o [1]
MOTORRN_OFFSET          0x200002b4    0x4  Data  Gb  PID.o [1]
MOTORRP_OFFSET          0x200002b0    0x4  Data  Gb  PID.o [1]
MX_GPIO_Init            0x080015e1   0xdc  Code  Gb  gpio.o [1]
MX_I2C1_Init            0x08001889   0x3e  Code  Gb  i2c.o [1]
MX_SPI1_Init            0x080009cd   0x36  Code  Gb  spi.o [1]
MX_SPI2_Init            0x08000a03   0x36  Code  Gb  spi.o [1]
MX_TIM1_Init            0x080016bd   0xbc  Code  Gb  tim.o [1]
MX_TIM3_Init            0x08001779   0x6e  Code  Gb  tim.o [1]
MX_USART1_UART_Init     0x0800191d   0x34  Code  Gb  usart.o [1]
NMI_Handler             0x08003a15    0x2  Code  Gb  stm32f0xx_it.o [1]
NOP                     0x200002fd    0x1  Data  Gb  NRF_Utilities.o [1]
NRFCEPin                0x200001e6    0x2  Data  Gb  NRF_Utilities.o [1]
NRFCEPort               0x200001e8    0x4  Data  Gb  NRF_Utilities.o [1]
NRFCSPin                0x20000214    0x2  Data  Gb  NRF_Utilities.o [1]
NRFCSPort               0x2000021c    0x4  Data  Gb  NRF_Utilities.o [1]
NRFSPIHandle            0x20000218    0x4  Data  Gb  NRF_Utilities.o [1]
NRFSPITransmit          0x08001dc9   0x40  Code  Gb  NRF_Utilities.o [1]
NVIC_SetPriority        0x0800153d   0x32  Code  Lc  stm32f0xx_hal_cortex.o [1]
OVERALLOFF              0x200002b8    0x4  Data  Gb  PID.o [1]
OffsetGain              0x20000914    0x2  Data  Gb  main.o [1]
PC                      0x200002c0    0x4  Data  Gb  PID.o [1]
PI                      0x2000008c    0x4  Data  Gb  IMU.o [1]
PIDFlag                 0x20000254    0x4  Data  Gb  PID.o [1]
PIDPitch                0x20000248    0x4  Data  Gb  PID.o [1]
PIDRoll                 0x20000244    0x4  Data  Gb  PID.o [1]
PIDYaw                  0x2000024c    0x4  Data  Gb  PID.o [1]
PITCH_MOTOR_CENTER_VAL  0x200002ec    0x4  Data  Gb  PID.o [1]
Payload                 0x200008ec   0x20  Data  Gb  main.o [1]
PayloadP                0x20000918    0x4  Data  Gb  main.o [1]
PayloadReadyFlag        0x2000090c    0x1  Data  Gb  main.o [1]
PendSV_Handler          0x08003a1b    0x2  Code  Gb  stm32f0xx_it.o [1]
ProportionalK           0x2000090e    0x2  Data  Gb  main.o [1]
RF_CH                   0x200001dd    0x1  Data  Gb  NRF_Utilities.o [1]
RF_SETUP                0x200001de    0x1  Data  Gb  NRF_Utilities.o [1]
ROLL_MOTOR_CENTER_VAL   0x200002f0    0x4  Data  Gb  PID.o [1]
RX_ADDR_P0              0x200001e0    0x1  Data  Gb  NRF_Utilities.o [1]
RX_DR                   0x200001ec    0x1  Data  Gb  NRF_Utilities.o [1]
RX_PW_P0                0x200001e2    0x1  Data  Gb  NRF_Utilities.o [1]
R_RX_PAYLOAD            0x200002fc    0x1  Data  Gb  NRF_Utilities.o [1]
ReceivePayload          0x08001f4b   0x14  Code  Gb  NRF_Utilities.o [1]
ReceivedPayload         0x200001f0   0x20  Data  Gb  NRF_Utilities.o [1]
ReceivedPayloadP        0x20000210    0x4  Data  Gb  NRF_Utilities.o [1]
Region$$Table$$Base     0x08003a64          --   Gb  - Linker created -
Region$$Table$$Limit    0x08003a84          --   Gb  - Linker created -
SETUP_AW                0x200001db    0x1  Data  Gb  NRF_Utilities.o [1]
SETUP_RETR              0x200001dc    0x1  Data  Gb  NRF_Utilities.o [1]
SPI_EndRxTransaction    0x08000929   0x6e  Code  Lc  stm32f0xx_hal_spi.o [1]
SPI_EndRxTxTransaction  0x08000997   0x32  Code  Lc  stm32f0xx_hal_spi.o [1]
SPI_WaitFifoStateUntilTimeout
                        0x08000881   0xa6  Code  Lc  stm32f0xx_hal_spi.o [1]
SPI_WaitFlagStateUntilTimeout
                        0x080007f5   0x8c  Code  Lc  stm32f0xx_hal_spi.o [1]
STATUS                  0x200001df    0x1  Data  Gb  NRF_Utilities.o [1]
SVC_Handler             0x08003a19    0x2  Code  Gb  stm32f0xx_it.o [1]
SetupReceiver           0x08001e09  0x11e  Code  Gb  NRF_Utilities.o [1]
SysTick_Handler         0x08003a1d    0xc  Code  Gb  stm32f0xx_it.o [1]
SystemClock_Config      0x08000c89   0x7c  Code  Gb  main.o [1]
SystemCoreClock         0x200002f4    0x4  Data  Gb  system_stm32f0xx.o [1]
SystemInit              0x08003935   0x50  Code  Gb  system_stm32f0xx.o [1]
TIM_Base_SetConfig      0x0800225d   0x68  Code  Gb  stm32f0xx_hal_tim.o [1]
TIM_CCxChannelCmd       0x08002519   0x16  Code  Gb  stm32f0xx_hal_tim.o [1]
TIM_ETR_SetConfig       0x080024cf   0x14  Code  Lc  stm32f0xx_hal_tim.o [1]
TIM_ITRx_SetConfig      0x080024bf   0x10  Code  Lc  stm32f0xx_hal_tim.o [1]
TIM_OC1_SetConfig       0x080022c9   0x74  Code  Lc  stm32f0xx_hal_tim.o [1]
TIM_OC2_SetConfig       0x0800233d   0x68  Code  Gb  stm32f0xx_hal_tim.o [1]
TIM_OC3_SetConfig       0x080023a5   0x64  Code  Lc  stm32f0xx_hal_tim.o [1]
TIM_OC4_SetConfig       0x08002409   0x52  Code  Lc  stm32f0xx_hal_tim.o [1]
TIM_TI1_ConfigInputStage
                        0x08002479   0x22  Code  Lc  stm32f0xx_hal_tim.o [1]
TIM_TI2_ConfigInputStage
                        0x0800249b   0x24  Code  Lc  stm32f0xx_hal_tim.o [1]
TX_ADDR                 0x200001e1    0x1  Data  Gb  NRF_Utilities.o [1]
UART_AdvFeatureConfig   0x08002ccb   0xc8  Code  Gb  stm32f0xx_hal_uart.o [1]
UART_CheckIdleState     0x08002d9d   0x10  Code  Gb  stm32f0xx_hal_uart.o [1]
UART_SetConfig          0x08002bc5  0x106  Code  Gb  stm32f0xx_hal_uart.o [1]
W_REGISTER              0x200001d4    0x1  Data  Gb  NRF_Utilities.o [1]
W_TX_PAYLOAD            0x200001d5    0x1  Data  Gb  NRF_Utilities.o [1]
XH                      0x20000088    0x4  Data  Gb  IMU.o [1]
YH                      0x20000084    0x4  Data  Gb  IMU.o [1]
ZieglerFlag             0x200002c4    0x4  Data  Gb  PID.o [1]
__ICFEDIT_region_RAM_end__ {Abs}
                        0x20003fff          --   Gb  command line/config [2]
__ICFEDIT_region_RAM_start__ {Abs}
                        0x20000000          --   Gb  command line/config [2]
__aeabi_cfcmpeq         0x08003889         Code  Gb  FltCmpEq.o [4]
__aeabi_cfcmple         0x080035ed         Code  Gb  FltCmpLe.o [4]
__aeabi_cfrcmple        0x0800370d         Code  Gb  FltCmpGe.o [4]
__aeabi_d2f             0x0800307d         Code  Gb  DblToFlt.o [4]
__aeabi_dmul            0x08003433         Code  Gb  DblMul.o [4]
__aeabi_errno_addr      0x08003735    0xa  Code  Gb  errno.o [3]
__aeabi_f2d             0x0800287d         Code  Gb  FltToDbl.o [4]
__aeabi_f2iz            0x080033f9         Code  Gb  FltToS32.o [4]
__aeabi_f2uiz           0x080035b9         Code  Gb  FltToU32.o [4]
__aeabi_fadd            0x08002e9f         Code  Gb  FltAddSub.o [4]
__aeabi_fdiv            0x08002df5         Code  Gb  FltDiv.o [4]
__aeabi_fmul            0x080027cb         Code  Gb  FltMul.o [4]
__aeabi_fsub            0x08002f0f         Code  Gb  FltAddSub.o [4]
__aeabi_i2f             0x08002795         Code  Gb  I32ToFlt.o [4]
__aeabi_idiv0           0x080029c9         Code  Gb  IntDivZer.o [5]
__aeabi_memcpy4         0x08002995         Code  Wk  ABImemcpy.o [5]
__aeabi_ui2f            0x080027ad         Code  Gb  I32ToFlt.o [4]
__aeabi_uidiv           0x0800148d         Code  Gb  I32DivModFast.o [5]
__aeabi_uidivmod        0x0800148d         Code  Gb  I32DivModFast.o [5]
__cmain                 0x08003a85         Code  Gb  cmain.o [5]
__exit                  0x08003ab9   0x14  Code  Gb  exit.o [6]
__iar_Errno             0x200002f8    0x4  Data  Gb  errno.o [3]
__iar_FAtan             0x08003615   0xb8  Code  Gb  xfatan.o [4]
__iar_FDint             0x08003833   0x56  Code  Gb  xfdint.o [4]
__iar_FQuad             0x08003745   0xec  Code  Gb  xfquad.o [4]
__iar_FSin              0x080031bd  0x23c  Code  Gb  xfsin.o [4]
__iar_data_init3        0x08003a3d   0x28  Code  Gb  data_init.o [5]
__iar_dlib_perthread_access
                        0x08003831    0x2  Code  Gb  xtls.o [3]
__iar_edom              0x080035e1         Code  Gb  iarEdom.o [5]
__iar_fmodf             0x080038a9         Code  Gb  fmodf.o [4]
__iar_packbits_init_single3
                        0x080039d9   0x3c  Code  Gb  packbits_init_single.o [5]
__iar_program_start     0x08003add         Code  Gb  cstartup_M.o [5]
__iar_sqrt              0x08002fbf         Code  Gb  sqrt.o [4]
__iar_ui2f              0x080027b1         Code  Gb  I32ToFlt.o [4]
__iar_zero_init3        0x0800399d   0x3c  Code  Gb  zero_init3.o [5]
__low_level_init        0x08003a9f    0x4  Code  Gb  low_level_init.o [3]
__vector_table          0x08000000         Data  Gb  startup_stm32f070xb.o [1]
_call_main              0x08003a91         Code  Gb  cmain.o [5]
_exit                   0x08003aad         Code  Gb  cexit.o [5]
_main                   0x08003a9b         Code  Gb  cmain.o [5]
a                       0x080036ec   0x20  Data  Lc  xfatan.o [4]
aAPBAHBPrescTable       0x0800147c   0x10  Data  Gb  stm32f0xx_hal_rcc.o [1]
acceENaddrW             0x20000076    0x2  Data  Gb  IMU.o [1]
acceODRBWaddrW          0x20000074    0x2  Data  Gb  IMU.o [1]
acce_status             0x20000018    0x1  Data  Gb  IMU.o [1]
accel_range             0x20000038    0x4  Data  Gb  IMU.o [1]
acceleration_x          0x2000002c    0x4  Data  Gb  IMU.o [1]
acceleration_y          0x20000030    0x4  Data  Gb  IMU.o [1]
acceleration_z          0x20000034    0x4  Data  Gb  IMU.o [1]
atan2f                  0x080030df   0xde  Code  Gb  atan2f.o [4]
count                   0x20000081    0x1  Data  Gb  IMU.o [1]
counter                 0x2000001a    0x2  Data  Gb  IMU.o [1]
data_acc                0x20000069    0x1  Data  Gb  IMU.o [1]
data_accback            0x2000000c    0xc  Data  Gb  IMU.o [1]
data_mag                0x20000068    0x1  Data  Gb  IMU.o [1]
data_magback            0x20000000    0xc  Data  Gb  IMU.o [1]
exit                    0x08003aa3    0x8  Code  Gb  exit.o [3]
fmodf                   0x080038a9         Code  Gb  fmodf.o [4]
getAllVals              0x08001b4d  0x250  Code  Gb  IMU.o [1]
getPitch                0x08001da1    0x4  Code  Gb  IMU.o [1]
getRoll                 0x08001d9d    0x4  Code  Gb  IMU.o [1]
getYaw                  0x08001da5    0x4  Code  Gb  IMU.o [1]
gyroENaddrW             0x20000072    0x2  Data  Gb  IMU.o [1]
gyroODRBWaddrW          0x20000070    0x2  Data  Gb  IMU.o [1]
hi2c1                   0x20000838   0x3c  Data  Gb  i2c.o [1]
hspi1                   0x20000770   0x64  Data  Gb  spi.o [1]
hspi2                   0x200007d4   0x64  Data  Gb  spi.o [1]
htim1                   0x20000874   0x3c  Data  Gb  tim.o [1]
htim3                   0x200008b0   0x3c  Data  Gb  tim.o [1]
huart1                  0x20000700   0x70  Data  Gb  usart.o [1]
i                       0x2000001c    0x4  Data  Gb  IMU.o [1]
initIMU                 0x080019bd  0x186  Code  Gb  IMU.o [1]
mag_powerup             0x2000006c    0x2  Data  Gb  IMU.o [1]
mag_powerup_rd          0x2000006e    0x2  Data  Gb  IMU.o [1]
magn_range              0x2000003c    0x4  Data  Gb  IMU.o [1]
magn_status             0x20000019    0x1  Data  Gb  IMU.o [1]
magnometer_x            0x20000020    0x4  Data  Gb  IMU.o [1]
magnometer_y            0x20000024    0x4  Data  Gb  IMU.o [1]
magnometer_z            0x20000028    0x4  Data  Gb  IMU.o [1]
main                    0x08000b39  0x132  Code  Gb  main.o [1]
motorPN                 0x200002a4    0x4  Data  Gb  PID.o [1]
motorPP                 0x200002a0    0x4  Data  Gb  PID.o [1]
motorRN                 0x2000029c    0x4  Data  Gb  PID.o [1]
motorRP                 0x20000298    0x4  Data  Gb  PID.o [1]
pitch                   0x20000044    0x4  Data  Gb  IMU.o [1]
pitchDout               0x2000027c    0x4  Data  Gb  PID.o [1]
pitchError              0x20000280    0x4  Data  Gb  PID.o [1]
pitchIout               0x20000278    0x4  Data  Gb  PID.o [1]
pitchKd                 0x200002e0    0x4  Data  Gb  PID.o [1]
pitchKi                 0x200002dc    0x4  Data  Gb  PID.o [1]
pitchKp                 0x200002d8    0x4  Data  Gb  PID.o [1]
pitchLastError          0x20000284    0x4  Data  Gb  PID.o [1]
pitchNewArea            0x20000288    0x4  Data  Gb  PID.o [1]
pitchOut                0x20000290    0x4  Data  Gb  PID.o [1]
pitchPout               0x20000274    0x4  Data  Gb  PID.o [1]
pitchRunningArea        0x2000028c    0x4  Data  Gb  PID.o [1]
pitchTarget             0x200002e4    0x4  Data  Gb  PID.o [1]
rData                   0x20000220   0x24  Data  Gb  NRF_Utilities.o [1]
roll                    0x20000048    0x4  Data  Gb  IMU.o [1]
rollDout                0x20000260    0x4  Data  Gb  PID.o [1]
rollError               0x20000264    0x4  Data  Gb  PID.o [1]
rollIout                0x2000025c    0x4  Data  Gb  PID.o [1]
rollKd                  0x200002d4    0x4  Data  Gb  PID.o [1]
rollKi                  0x200002d0    0x4  Data  Gb  PID.o [1]
rollKp                  0x200002cc    0x4  Data  Gb  PID.o [1]
rollLastError           0x20000268    0x4  Data  Gb  PID.o [1]
rollNewArea             0x2000026c    0x4  Data  Gb  PID.o [1]
rollOut                 0x20000294    0x4  Data  Gb  PID.o [1]
rollPout                0x20000258    0x4  Data  Gb  PID.o [1]
rollRunningArea         0x20000270    0x4  Data  Gb  PID.o [1]
rollTarget              0x200002e8    0x4  Data  Gb  PID.o [1]
runAvgAx                0x20000090    0x4  Data  Gb  IMU.o [1]
runAvgAy                0x20000094    0x4  Data  Gb  IMU.o [1]
runAvgAz                0x20000098    0x4  Data  Gb  IMU.o [1]
runAvgMx                0x20000050    0x4  Data  Gb  IMU.o [1]
runAvgMy                0x20000054    0x4  Data  Gb  IMU.o [1]
runAvgMz                0x20000058    0x4  Data  Gb  IMU.o [1]
runSumAx                0x2000009c    0x4  Data  Gb  IMU.o [1]
runSumAy                0x200000a0    0x4  Data  Gb  IMU.o [1]
runSumAz                0x200000a4    0x4  Data  Gb  IMU.o [1]
runSumMx                0x2000005c    0x4  Data  Gb  IMU.o [1]
runSumMy                0x20000060    0x4  Data  Gb  IMU.o [1]
runSumMz                0x20000064    0x4  Data  Gb  IMU.o [1]
setCent                 0x08002549    0xe  Code  Gb  PID.o [1]
setD                    0x08002541    0x8  Code  Gb  PID.o [1]
setI                    0x08002539    0x8  Code  Gb  PID.o [1]
setP                    0x08002531    0x8  Code  Gb  PID.o [1]
sqrt                    0x08002fbf         Code  Gb  sqrt.o [4]
sqrtl                   0x08002fbf         Code  Gb  sqrt.o [4]
stabilize               0x08002557  0x214  Code  Gb  PID.o [1]
sumAx                   0x200000a8   0x64  Data  Gb  IMU.o [1]
sumAy                   0x2000010c   0x64  Data  Gb  IMU.o [1]
sumAz                   0x20000170   0x64  Data  Gb  IMU.o [1]
timeInterval            0x20000250    0x4  Data  Gb  PID.o [1]
trrx                    0x2000007c    0x4  Data  Gb  IMU.o [1]
trtx                    0x20000078    0x4  Data  Gb  IMU.o [1]
uwTick                  0x20000940    0x4  Data  Lc  stm32f0xx_hal.o [1]
yaw                     0x2000004c    0x4  Data  Gb  IMU.o [1]


[1] = J:\Vital Data Bank\YCP\YCP Summer '16\Embedded Systems\QUADROTOR_CONTROLLER_STM32F070\STM32F070CBT6_QUADROTOR_CONTROLLER\EWARM\STM32F070CBT6_QUADROTOR_CONTROLLER\Obj
[2] = command line
[3] = dl6M_tlf.a
[4] = m6M_tl.a
[5] = rt6M_tl.a
[6] = shb_l.a

  15 072 bytes of readonly  code memory
     182 bytes of readonly  data memory
   2 370 bytes of readwrite data memory

Errors: none
Warnings: none
