###############################################################################
#
# IAR ELF Linker V7.50.2.10312/W32 for ARM                04/Aug/2016  23:57:26
# Copyright 2007-2015 IAR Systems AB.
#
#    Output file  =  
#        J:\Vital Data Bank\YCP\YCP Summer '16\Embedded
#        Systems\QUADROTOR_CONTROLLER_STM32F070\STM32F070CBT6_QUADROTOR_CONTROLLER\EWARM\STM32F070CBT6_QUADROTOR_CONTROLLER\Exe\STM32F070CBT6_QUADROTOR_CONTROLLER.out
#    Map file     =  
#        J:\Vital Data Bank\YCP\YCP Summer '16\Embedded
#        Systems\QUADROTOR_CONTROLLER_STM32F070\STM32F070CBT6_QUADROTOR_CONTROLLER\EWARM\STM32F070CBT6_QUADROTOR_CONTROLLER\List\STM32F070CBT6_QUADROTOR_CONTROLLER.map
#    Command line =  
#        "J:\Vital Data Bank\YCP\YCP Summer '16\Embedded
#        Systems\QUADROTOR_CONTROLLER_STM32F070\STM32F070CBT6_QUADROTOR_CONTROLLER\EWARM\STM32F070CBT6_QUADROTOR_CONTROLLER\Obj\gpio.o"
#        "J:\Vital Data Bank\YCP\YCP Summer '16\Embedded
#        Systems\QUADROTOR_CONTROLLER_STM32F070\STM32F070CBT6_QUADROTOR_CONTROLLER\EWARM\STM32F070CBT6_QUADROTOR_CONTROLLER\Obj\GPS.o"
#        "J:\Vital Data Bank\YCP\YCP Summer '16\Embedded
#        Systems\QUADROTOR_CONTROLLER_STM32F070\STM32F070CBT6_QUADROTOR_CONTROLLER\EWARM\STM32F070CBT6_QUADROTOR_CONTROLLER\Obj\i2c.o"
#        "J:\Vital Data Bank\YCP\YCP Summer '16\Embedded
#        Systems\QUADROTOR_CONTROLLER_STM32F070\STM32F070CBT6_QUADROTOR_CONTROLLER\EWARM\STM32F070CBT6_QUADROTOR_CONTROLLER\Obj\IMU.o"
#        "J:\Vital Data Bank\YCP\YCP Summer '16\Embedded
#        Systems\QUADROTOR_CONTROLLER_STM32F070\STM32F070CBT6_QUADROTOR_CONTROLLER\EWARM\STM32F070CBT6_QUADROTOR_CONTROLLER\Obj\kalman.o"
#        "J:\Vital Data Bank\YCP\YCP Summer '16\Embedded
#        Systems\QUADROTOR_CONTROLLER_STM32F070\STM32F070CBT6_QUADROTOR_CONTROLLER\EWARM\STM32F070CBT6_QUADROTOR_CONTROLLER\Obj\main.o"
#        "J:\Vital Data Bank\YCP\YCP Summer '16\Embedded
#        Systems\QUADROTOR_CONTROLLER_STM32F070\STM32F070CBT6_QUADROTOR_CONTROLLER\EWARM\STM32F070CBT6_QUADROTOR_CONTROLLER\Obj\NRF_Utilities.o"
#        "J:\Vital Data Bank\YCP\YCP Summer '16\Embedded
#        Systems\QUADROTOR_CONTROLLER_STM32F070\STM32F070CBT6_QUADROTOR_CONTROLLER\EWARM\STM32F070CBT6_QUADROTOR_CONTROLLER\Obj\PID.o"
#        "J:\Vital Data Bank\YCP\YCP Summer '16\Embedded
#        Systems\QUADROTOR_CONTROLLER_STM32F070\STM32F070CBT6_QUADROTOR_CONTROLLER\EWARM\STM32F070CBT6_QUADROTOR_CONTROLLER\Obj\spi.o"
#        "J:\Vital Data Bank\YCP\YCP Summer '16\Embedded
#        Systems\QUADROTOR_CONTROLLER_STM32F070\STM32F070CBT6_QUADROTOR_CONTROLLER\EWARM\STM32F070CBT6_QUADROTOR_CONTROLLER\Obj\startup_stm32f070xb.o"
#        "J:\Vital Data Bank\YCP\YCP Summer '16\Embedded
#        Systems\QUADROTOR_CONTROLLER_STM32F070\STM32F070CBT6_QUADROTOR_CONTROLLER\EWARM\STM32F070CBT6_QUADROTOR_CONTROLLER\Obj\stm32f0xx_hal.o"
#        "J:\Vital Data Bank\YCP\YCP Summer '16\Embedded
#        Systems\QUADROTOR_CONTROLLER_STM32F070\STM32F070CBT6_QUADROTOR_CONTROLLER\EWARM\STM32F070CBT6_QUADROTOR_CONTROLLER\Obj\stm32f0xx_hal_cortex.o"
#        "J:\Vital Data Bank\YCP\YCP Summer '16\Embedded
#        Systems\QUADROTOR_CONTROLLER_STM32F070\STM32F070CBT6_QUADROTOR_CONTROLLER\EWARM\STM32F070CBT6_QUADROTOR_CONTROLLER\Obj\stm32f0xx_hal_dma.o"
#        "J:\Vital Data Bank\YCP\YCP Summer '16\Embedded
#        Systems\QUADROTOR_CONTROLLER_STM32F070\STM32F070CBT6_QUADROTOR_CONTROLLER\EWARM\STM32F070CBT6_QUADROTOR_CONTROLLER\Obj\stm32f0xx_hal_flash.o"
#        "J:\Vital Data Bank\YCP\YCP Summer '16\Embedded
#        Systems\QUADROTOR_CONTROLLER_STM32F070\STM32F070CBT6_QUADROTOR_CONTROLLER\EWARM\STM32F070CBT6_QUADROTOR_CONTROLLER\Obj\stm32f0xx_hal_flash_ex.o"
#        "J:\Vital Data Bank\YCP\YCP Summer '16\Embedded
#        Systems\QUADROTOR_CONTROLLER_STM32F070\STM32F070CBT6_QUADROTOR_CONTROLLER\EWARM\STM32F070CBT6_QUADROTOR_CONTROLLER\Obj\stm32f0xx_hal_gpio.o"
#        "J:\Vital Data Bank\YCP\YCP Summer '16\Embedded
#        Systems\QUADROTOR_CONTROLLER_STM32F070\STM32F070CBT6_QUADROTOR_CONTROLLER\EWARM\STM32F070CBT6_QUADROTOR_CONTROLLER\Obj\stm32f0xx_hal_i2c.o"
#        "J:\Vital Data Bank\YCP\YCP Summer '16\Embedded
#        Systems\QUADROTOR_CONTROLLER_STM32F070\STM32F070CBT6_QUADROTOR_CONTROLLER\EWARM\STM32F070CBT6_QUADROTOR_CONTROLLER\Obj\stm32f0xx_hal_i2c_ex.o"
#        "J:\Vital Data Bank\YCP\YCP Summer '16\Embedded
#        Systems\QUADROTOR_CONTROLLER_STM32F070\STM32F070CBT6_QUADROTOR_CONTROLLER\EWARM\STM32F070CBT6_QUADROTOR_CONTROLLER\Obj\stm32f0xx_hal_msp.o"
#        "J:\Vital Data Bank\YCP\YCP Summer '16\Embedded
#        Systems\QUADROTOR_CONTROLLER_STM32F070\STM32F070CBT6_QUADROTOR_CONTROLLER\EWARM\STM32F070CBT6_QUADROTOR_CONTROLLER\Obj\stm32f0xx_hal_pwr.o"
#        "J:\Vital Data Bank\YCP\YCP Summer '16\Embedded
#        Systems\QUADROTOR_CONTROLLER_STM32F070\STM32F070CBT6_QUADROTOR_CONTROLLER\EWARM\STM32F070CBT6_QUADROTOR_CONTROLLER\Obj\stm32f0xx_hal_pwr_ex.o"
#        "J:\Vital Data Bank\YCP\YCP Summer '16\Embedded
#        Systems\QUADROTOR_CONTROLLER_STM32F070\STM32F070CBT6_QUADROTOR_CONTROLLER\EWARM\STM32F070CBT6_QUADROTOR_CONTROLLER\Obj\stm32f0xx_hal_rcc.o"
#        "J:\Vital Data Bank\YCP\YCP Summer '16\Embedded
#        Systems\QUADROTOR_CONTROLLER_STM32F070\STM32F070CBT6_QUADROTOR_CONTROLLER\EWARM\STM32F070CBT6_QUADROTOR_CONTROLLER\Obj\stm32f0xx_hal_rcc_ex.o"
#        "J:\Vital Data Bank\YCP\YCP Summer '16\Embedded
#        Systems\QUADROTOR_CONTROLLER_STM32F070\STM32F070CBT6_QUADROTOR_CONTROLLER\EWARM\STM32F070CBT6_QUADROTOR_CONTROLLER\Obj\stm32f0xx_hal_spi.o"
#        "J:\Vital Data Bank\YCP\YCP Summer '16\Embedded
#        Systems\QUADROTOR_CONTROLLER_STM32F070\STM32F070CBT6_QUADROTOR_CONTROLLER\EWARM\STM32F070CBT6_QUADROTOR_CONTROLLER\Obj\stm32f0xx_hal_spi_ex.o"
#        "J:\Vital Data Bank\YCP\YCP Summer '16\Embedded
#        Systems\QUADROTOR_CONTROLLER_STM32F070\STM32F070CBT6_QUADROTOR_CONTROLLER\EWARM\STM32F070CBT6_QUADROTOR_CONTROLLER\Obj\stm32f0xx_hal_tim.o"
#        "J:\Vital Data Bank\YCP\YCP Summer '16\Embedded
#        Systems\QUADROTOR_CONTROLLER_STM32F070\STM32F070CBT6_QUADROTOR_CONTROLLER\EWARM\STM32F070CBT6_QUADROTOR_CONTROLLER\Obj\stm32f0xx_hal_tim_ex.o"
#        "J:\Vital Data Bank\YCP\YCP Summer '16\Embedded
#        Systems\QUADROTOR_CONTROLLER_STM32F070\STM32F070CBT6_QUADROTOR_CONTROLLER\EWARM\STM32F070CBT6_QUADROTOR_CONTROLLER\Obj\stm32f0xx_hal_uart.o"
#        "J:\Vital Data Bank\YCP\YCP Summer '16\Embedded
#        Systems\QUADROTOR_CONTROLLER_STM32F070\STM32F070CBT6_QUADROTOR_CONTROLLER\EWARM\STM32F070CBT6_QUADROTOR_CONTROLLER\Obj\stm32f0xx_hal_uart_ex.o"
#        "J:\Vital Data Bank\YCP\YCP Summer '16\Embedded
#        Systems\QUADROTOR_CONTROLLER_STM32F070\STM32F070CBT6_QUADROTOR_CONTROLLER\EWARM\STM32F070CBT6_QUADROTOR_CONTROLLER\Obj\stm32f0xx_it.o"
#        "J:\Vital Data Bank\YCP\YCP Summer '16\Embedded
#        Systems\QUADROTOR_CONTROLLER_STM32F070\STM32F070CBT6_QUADROTOR_CONTROLLER\EWARM\STM32F070CBT6_QUADROTOR_CONTROLLER\Obj\system_stm32f0xx.o"
#        "J:\Vital Data Bank\YCP\YCP Summer '16\Embedded
#        Systems\QUADROTOR_CONTROLLER_STM32F070\STM32F070CBT6_QUADROTOR_CONTROLLER\EWARM\STM32F070CBT6_QUADROTOR_CONTROLLER\Obj\tim.o"
#        "J:\Vital Data Bank\YCP\YCP Summer '16\Embedded
#        Systems\QUADROTOR_CONTROLLER_STM32F070\STM32F070CBT6_QUADROTOR_CONTROLLER\EWARM\STM32F070CBT6_QUADROTOR_CONTROLLER\Obj\usart.o"
#        --redirect _Printf=_PrintfFull --redirect _Scanf=_ScanfFull -o
#        "J:\Vital Data Bank\YCP\YCP Summer '16\Embedded
#        Systems\QUADROTOR_CONTROLLER_STM32F070\STM32F070CBT6_QUADROTOR_CONTROLLER\EWARM\STM32F070CBT6_QUADROTOR_CONTROLLER\Exe\STM32F070CBT6_QUADROTOR_CONTROLLER.out"
#        --map "J:\Vital Data Bank\YCP\YCP Summer '16\Embedded
#        Systems\QUADROTOR_CONTROLLER_STM32F070\STM32F070CBT6_QUADROTOR_CONTROLLER\EWARM\STM32F070CBT6_QUADROTOR_CONTROLLER\List\STM32F070CBT6_QUADROTOR_CONTROLLER.map"
#        --config "J:\Vital Data Bank\YCP\YCP Summer '16\Embedded
#        Systems\QUADROTOR_CONTROLLER_STM32F070\STM32F070CBT6_QUADROTOR_CONTROLLER\EWARM/stm32f070xb_flash.icf"
#        --semihosting --entry __iar_program_start --vfe
#
###############################################################################

*******************************************************************************
*** RUNTIME MODEL ATTRIBUTES
***

CppFlavor       = *
__SystemLibrary = DLib


*******************************************************************************
*** PLACEMENT SUMMARY
***

"A1":  place at 0x08000000 { ro section .intvec };
"P1":  place in [from 0x08000000 to 0x0801ffff] { ro };
"P2":  place in [from 0x20000000 to 0x20003fff] { rw, block CSTACK, block HEAP };

  Section             Kind        Address    Size  Object
  -------             ----        -------    ----  ------
"A1":                                        0xc0
  .intvec             ro code  0x08000000    0xc0  startup_stm32f070xb.o [1]
                             - 0x080000c0    0xc0

"P1":                                      0x3af7
  .text               ro code  0x080000c0   0x90c  stm32f0xx_hal_spi.o [1]
  .text               ro code  0x080009cc    0xfc  spi.o [1]
  .text               ro code  0x08000ac8    0x70  stm32f0xx_hal.o [1]
  .text               ro code  0x08000b38   0x1ce  main.o [1]
  .text               ro code  0x08000d06     0x2  startup_stm32f070xb.o [1]
  .text               ro code  0x08000d08   0x1ca  stm32f0xx_hal_gpio.o [1]
  .text               ro code  0x08000ed2     0x2  startup_stm32f070xb.o [1]
  .text               ro code  0x08000ed4    0x40  stm32f0xx_hal_msp.o [1]
  .text               ro code  0x08000f14   0x578  stm32f0xx_hal_rcc.o [1]
  .text               ro code  0x0800148c    0xae  I32DivModFast.o [5]
  .text               ro code  0x0800153a     0x2  startup_stm32f070xb.o [1]
  .text               ro code  0x0800153c    0xa2  stm32f0xx_hal_cortex.o [1]
  .text               ro code  0x080015de     0x2  startup_stm32f070xb.o [1]
  .text               ro code  0x080015e0    0xdc  gpio.o [1]
  .text               ro code  0x080016bc   0x1cc  tim.o [1]
  .text               ro code  0x08001888    0x94  i2c.o [1]
  .text               ro code  0x0800191c    0xa0  usart.o [1]
  .text               ro code  0x080019bc   0x434  IMU.o [1]
  .text               ro code  0x08001df0   0x20c  NRF_Utilities.o [1]
  .text               ro code  0x08001ffc   0x55a  stm32f0xx_hal_tim.o [1]
  .text               ro code  0x08002556     0x2  startup_stm32f070xb.o [1]
  .text               ro code  0x08002558   0x264  PID.o [1]
  .text               ro code  0x080027bc    0x36  I32ToFlt.o [4]
  .text               ro code  0x080027f2    0xb0  FltMul.o [4]
  .text               ro code  0x080028a2     0x2  startup_stm32f070xb.o [1]
  .text               ro code  0x080028a4    0x32  FltToDbl.o [4]
  .text               ro code  0x080028d6     0x2  startup_stm32f070xb.o [1]
  .text               ro code  0x080028d8    0xe4  stm32f0xx_hal_rcc_ex.o [1]
  .text               ro code  0x080029bc    0x34  ABImemcpy.o [5]
  .text               ro code  0x080029f0     0x2  IntDivZer.o [5]
  .text               ro code  0x080029f2     0x2  startup_stm32f070xb.o [1]
  .text               ro code  0x080029f4    0x86  stm32f0xx_hal_tim_ex.o [1]
  .text               ro code  0x08002a7a     0x2  startup_stm32f070xb.o [1]
  .text               ro code  0x08002a7c    0xb0  stm32f0xx_hal_i2c.o [1]
  .text               ro code  0x08002b2c    0x54  stm32f0xx_hal_i2c_ex.o [1]
  .text               ro code  0x08002b80   0x29c  stm32f0xx_hal_uart.o [1]
  .text               ro code  0x08002e1c    0xaa  FltDiv.o [4]
  .text               ro code  0x08002ec6   0x120  FltAddSub.o [4]
  .text               ro code  0x08002fe6    0xbe  sqrt.o [4]
  .text               ro code  0x080030a4    0x62  DblToFlt.o [4]
  .text               ro code  0x08003106    0xde  atan2f.o [4]
  .text               ro code  0x080031e4   0x23c  xfsin.o [4]
  .text               ro code  0x08003420    0x3a  FltToS32.o [4]
  .text               ro code  0x0800345a   0x184  DblMul.o [4]
  .text               ro code  0x080035de     0x2  startup_stm32f070xb.o [1]
  .text               ro code  0x080035e0    0x26  FltToU32.o [4]
  .text               ro code  0x08003606     0x2  startup_stm32f070xb.o [1]
  .text               ro code  0x08003608     0xc  iarEdom.o [5]
  .text               ro code  0x08003614    0x26  FltCmpLe.o [4]
  .text               ro code  0x0800363a     0x2  startup_stm32f070xb.o [1]
  .text               ro code  0x0800363c    0xf8  xfatan.o [4]
  .text               ro code  0x08003734    0x28  FltCmpGe.o [4]
  .text               ro code  0x0800375c    0x10  errno.o [3]
  .text               ro code  0x0800376c    0xec  xfquad.o [4]
  .text               ro code  0x08003858     0x2  xtls.o [3]
  .text               ro code  0x0800385a    0x56  xfdint.o [4]
  .text               ro code  0x080038b0    0x20  FltCmpEq.o [4]
  .text               ro code  0x080038d0    0x8a  fmodf.o [4]
  .text               ro code  0x0800395a     0x2  startup_stm32f070xb.o [1]
  .text               ro code  0x0800395c    0x68  system_stm32f0xx.o [1]
  .text               ro code  0x080039c4    0x3c  zero_init3.o [5]
  .text               ro code  0x08003a00    0x3c  packbits_init_single.o [5]
  .text               ro code  0x08003a3c    0x28  stm32f0xx_it.o [1]
  .text               ro code  0x08003a64    0x28  data_init.o [5]
  .iar.init_table     const    0x08003a8c    0x20  - Linker created -
  .text               ro code  0x08003aac    0x1a  cmain.o [5]
  .text               ro code  0x08003ac6     0x4  low_level_init.o [3]
  .text               ro code  0x08003aca     0x8  exit.o [3]
  .text               ro code  0x08003ad2     0x2  startup_stm32f070xb.o [1]
  .text               ro code  0x08003ad4     0xa  cexit.o [5]
  .text               ro code  0x08003ade     0x2  startup_stm32f070xb.o [1]
  .text               ro code  0x08003ae0    0x14  exit.o [6]
  .text               ro code  0x08003af4    0x10  startup_stm32f070xb.o [1]
  .text               ro code  0x08003b04     0xc  cstartup_M.o [5]
  .text               ro code  0x08003b10     0x2  startup_stm32f070xb.o [1]
  .text               ro code  0x08003b12     0x2  startup_stm32f070xb.o [1]
  .text               ro code  0x08003b14     0x2  startup_stm32f070xb.o [1]
  .text               ro code  0x08003b16     0x2  startup_stm32f070xb.o [1]
  .text               ro code  0x08003b18     0x2  startup_stm32f070xb.o [1]
  .text               ro code  0x08003b1a     0x2  startup_stm32f070xb.o [1]
  .text               ro code  0x08003b1c     0x2  startup_stm32f070xb.o [1]
  .text               ro code  0x08003b1e     0x2  startup_stm32f070xb.o [1]
  .text               ro code  0x08003b20     0x2  startup_stm32f070xb.o [1]
  .text               ro code  0x08003b22     0x2  startup_stm32f070xb.o [1]
  .text               ro code  0x08003b24     0x2  startup_stm32f070xb.o [1]
  .text               ro code  0x08003b26     0x2  startup_stm32f070xb.o [1]
  .rodata             const    0x08003b28     0x0  zero_init3.o [5]
  .rodata             const    0x08003b28     0x0  packbits_init_single.o [5]
  Initializer bytes   const    0x08003b28    0x8f  <for P2-1>
                             - 0x08003bb7  0x3af7

"P2", part 1 of 3:                          0x1ba
  P2-1                         0x20000000   0x1ba  <Init block>
    .data             inited   0x20000000    0x14  IMU.o [1]
    .data             inited   0x20000014    0x79  IMU.o [1]
    .data             inited   0x20000090    0x18  NRF_Utilities.o [1]
    .data             inited   0x200000a8    0x28  NRF_Utilities.o [1]
    .data             inited   0x200000d0    0x30  NRF_Utilities.o [1]
    .data             inited   0x20000100    0x88  PID.o [1]
    .data             inited   0x20000188    0x28  PID.o [1]
    .data             inited   0x200001b0     0x4  system_stm32f0xx.o [1]
    __DLIB_PERTHREAD  inited   0x200001b4     0x4  errno.o [3]
    .data             inited   0x200001b8     0x1  NRF_Utilities.o [1]
    .data             inited   0x200001b9     0x1  NRF_Utilities.o [1]
                             - 0x200001ba   0x1ba

"P2", part 2 of 3:                          0x400
  CSTACK                       0x200001c0   0x400  <Block>
    CSTACK            uninit   0x200001c0   0x400  <Block tail>
                             - 0x200005c0   0x400

"P2", part 3 of 3:                          0x244
  .bss                zero     0x200005c0    0x70  usart.o [1]
  .bss                zero     0x20000630    0x64  spi.o [1]
  .bss                zero     0x20000694    0x64  spi.o [1]
  .bss                zero     0x200006f8    0x3c  i2c.o [1]
  .bss                zero     0x20000734    0x3c  tim.o [1]
  .bss                zero     0x20000770    0x3c  tim.o [1]
  .bss                zero     0x200007ac    0x30  main.o [1]
  .bss                zero     0x200007dc    0x24  NRF_Utilities.o [1]
  .bss                zero     0x20000800     0x4  stm32f0xx_hal.o [1]
                             - 0x20000804   0x244


*******************************************************************************
*** INIT TABLE
***

          Address     Size
          -------     ----
Zero (__iar_zero_init3)
    1 destination range, total size 0x244:
          0x200005c0  0x244

Copy/packbits (__iar_packbits_init_single3)
    1 source range, total size 0x8f (32% of destination):
          0x08003b28   0x8f
    1 destination range, total size 0x1ba:
          0x20000000  0x1ba



*******************************************************************************
*** MODULE SUMMARY
***

    Module                  ro code  ro data  rw data
    ------                  -------  -------  -------
J:\Vital Data Bank\YCP\YCP Summer '16\Embedded Systems\QUADROTOR_CONTROLLER_STM32F070\STM32F070CBT6_QUADROTOR_CONTROLLER\EWARM\STM32F070CBT6_QUADROTOR_CONTROLLER\Obj: [1]
    IMU.o                     1 076       45      141
    NRF_Utilities.o             524       38      150
    PID.o                       612       57      176
    gpio.o                      220
    i2c.o                       148                60
    main.o                      462                48
    spi.o                       252               200
    startup_stm32f070xb.o       262
    stm32f0xx_hal.o             112                 4
    stm32f0xx_hal_cortex.o      162
    stm32f0xx_hal_gpio.o        458
    stm32f0xx_hal_i2c.o         176
    stm32f0xx_hal_i2c_ex.o       84
    stm32f0xx_hal_msp.o          64
    stm32f0xx_hal_rcc.o       1 400
    stm32f0xx_hal_rcc_ex.o      228
    stm32f0xx_hal_spi.o       2 316
    stm32f0xx_hal_tim.o       1 370
    stm32f0xx_hal_tim_ex.o      134
    stm32f0xx_hal_uart.o        668
    stm32f0xx_it.o               40
    system_stm32f0xx.o          104        2        4
    tim.o                       460               120
    usart.o                     160               112
    -------------------------------------------------
    Total:                   11 492      142    1 015

command line: [2]
    -------------------------------------------------
    Total:

dl6M_tlf.a: [3]
    errno.o                      16        1        4
    exit.o                        8
    low_level_init.o              4
    xtls.o                        2
    -------------------------------------------------
    Total:                       30        1        4

m6M_tl.a: [4]
    DblMul.o                    388
    DblToFlt.o                   98
    FltAddSub.o                 288
    FltCmpEq.o                   32
    FltCmpGe.o                   40
    FltCmpLe.o                   38
    FltDiv.o                    170
    FltMul.o                    176
    FltToDbl.o                   50
    FltToS32.o                   58
    FltToU32.o                   38
    I32ToFlt.o                   54
    atan2f.o                    222
    fmodf.o                     138
    sqrt.o                      190
    xfatan.o                    248
    xfdint.o                     86
    xfquad.o                    236
    xfsin.o                     572
    -------------------------------------------------
    Total:                    3 122

rt6M_tl.a: [5]
    ABImemcpy.o                  52
    I32DivModFast.o             174
    IntDivZer.o                   2
    cexit.o                      10
    cmain.o                      26
    cstartup_M.o                 12
    data_init.o                  40
    iarEdom.o                    12
    packbits_init_single.o       60
    zero_init3.o                 60
    -------------------------------------------------
    Total:                      448

shb_l.a: [6]
    exit.o                       20
    -------------------------------------------------
    Total:                       20

    Gaps                                            3
    Linker created                        32    1 024
-----------------------------------------------------
    Grand Total:             15 112      175    2 046


*******************************************************************************
*** ENTRY LIST
***

Entry                      Address   Size  Type      Object
-----                      -------   ----  ----      ------
.iar.init_table$$Base   0x08003a8c          --   Gb  - Linker created -
.iar.init_table$$Limit  0x08003aac          --   Gb  - Linker created -
?main                   0x08003aad         Code  Gb  cmain.o [5]
AVERAGE_MAX             0x20000040    0x4  Data  Gb  IMU.o [1]
CONFIG                  0x20000094    0x1  Data  Gb  NRF_Utilities.o [1]
CSTACK$$Base            0x200001c0          --   Gb  - Linker created -
CSTACK$$Limit           0x200005c0          --   Gb  - Linker created -
ClearRX_DR              0x08001f99   0x1a  Code  Gb  NRF_Utilities.o [1]
ConfigBuffer            0x200007dc   0x24  Data  Gb  NRF_Utilities.o [1]
DYNPD                   0x2000009f    0x1  Data  Gb  NRF_Utilities.o [1]
DerivativeK             0x200007d2    0x2  Data  Gb  main.o [1]
EN_AA                   0x20000095    0x1  Data  Gb  NRF_Utilities.o [1]
EN_RXADDR               0x20000096    0x1  Data  Gb  NRF_Utilities.o [1]
EXTI4_15_IRQHandler     0x08003a51   0x10  Code  Gb  stm32f0xx_it.o [1]
Error_Handler           0x08000d05    0x2  Code  Gb  main.o [1]
FEATURE                 0x200000a0    0x1  Data  Gb  NRF_Utilities.o [1]
FLUSH_RX                0x20000093    0x1  Data  Gb  NRF_Utilities.o [1]
FLUSH_TX                0x20000092    0x1  Data  Gb  NRF_Utilities.o [1]
GetStatus               0x08001f87   0x12  Code  Gb  NRF_Utilities.o [1]
HAL_Delay               0x08000b17   0x18  Code  Wk  stm32f0xx_hal.o [1]
HAL_GPIO_EXTI_Callback  0x08000ed1    0x2  Code  Wk  stm32f0xx_hal_gpio.o [1]
HAL_GPIO_EXTI_IRQHandler
                        0x08000e9f   0x14  Code  Gb  stm32f0xx_hal_gpio.o [1]
HAL_GPIO_Init           0x08000d09  0x18a  Code  Gb  stm32f0xx_hal_gpio.o [1]
HAL_GPIO_WritePin       0x08000e93    0xc  Code  Gb  stm32f0xx_hal_gpio.o [1]
HAL_GetTick             0x08000b11    0x6  Code  Wk  stm32f0xx_hal.o [1]
HAL_I2CEx_ConfigAnalogFilter
                        0x08002b2d   0x3a  Code  Gb  stm32f0xx_hal_i2c_ex.o [1]
HAL_I2C_Init            0x08002a7d   0xa2  Code  Gb  stm32f0xx_hal_i2c.o [1]
HAL_I2C_MspInit         0x080018c7   0x42  Code  Gb  i2c.o [1]
HAL_IncTick             0x08000b07    0xa  Code  Wk  stm32f0xx_hal.o [1]
HAL_Init                0x08000ac9   0x1a  Code  Gb  stm32f0xx_hal.o [1]
HAL_InitTick            0x08000ae3   0x24  Code  Wk  stm32f0xx_hal.o [1]
HAL_MspInit             0x08000ed5   0x40  Code  Gb  stm32f0xx_hal_msp.o [1]
HAL_NVIC_EnableIRQ      0x08001577    0xe  Code  Gb  stm32f0xx_hal_cortex.o [1]
HAL_NVIC_SetPriority    0x0800156f    0x8  Code  Gb  stm32f0xx_hal_cortex.o [1]
HAL_RCCEx_PeriphCLKConfig
                        0x080028d9   0xce  Code  Gb  stm32f0xx_hal_rcc_ex.o [1]
HAL_RCC_ClockConfig     0x080012a9  0x112  Code  Gb  stm32f0xx_hal_rcc.o [1]
HAL_RCC_GetHCLKFreq     0x08001409   0x1c  Code  Gb  stm32f0xx_hal_rcc.o [1]
HAL_RCC_GetPCLK1Freq    0x08001425   0x18  Code  Gb  stm32f0xx_hal_rcc.o [1]
HAL_RCC_GetSysClockFreq
                        0x080013c1   0x46  Code  Gb  stm32f0xx_hal_rcc.o [1]
HAL_RCC_OscConfig       0x08000f15  0x390  Code  Gb  stm32f0xx_hal_rcc.o [1]
HAL_SPI_Init            0x080000c1   0xc8  Code  Gb  stm32f0xx_hal_spi.o [1]
HAL_SPI_MspInit         0x08000a47   0x68  Code  Gb  spi.o [1]
HAL_SPI_Receive         0x08000311  0x22c  Code  Gb  stm32f0xx_hal_spi.o [1]
HAL_SPI_Transmit        0x08000189  0x17a  Code  Gb  stm32f0xx_hal_spi.o [1]
HAL_SPI_TransmitReceive
                        0x08000545  0x2a2  Code  Gb  stm32f0xx_hal_spi.o [1]
HAL_SYSTICK_CLKSourceConfig
                        0x080015ad   0x18  Code  Gb  stm32f0xx_hal_cortex.o [1]
HAL_SYSTICK_Callback    0x080015dd    0x2  Code  Wk  stm32f0xx_hal_cortex.o [1]
HAL_SYSTICK_Config      0x08001585   0x28  Code  Gb  stm32f0xx_hal_cortex.o [1]
HAL_SYSTICK_IRQHandler  0x080015d5    0x8  Code  Gb  stm32f0xx_hal_cortex.o [1]
HAL_TIMEx_ConfigBreakDeadTime
                        0x08002a3d   0x3e  Code  Gb  stm32f0xx_hal_tim_ex.o [1]
HAL_TIMEx_MasterConfigSynchronization
                        0x080029f5   0x48  Code  Gb  stm32f0xx_hal_tim_ex.o [1]
HAL_TIM_Base_Init       0x08001ffd   0x1e  Code  Gb  stm32f0xx_hal_tim.o [1]
HAL_TIM_Base_MspInit    0x080017e7   0x20  Code  Gb  tim.o [1]
HAL_TIM_ConfigClockSource
                        0x080021b1   0xce  Code  Gb  stm32f0xx_hal_tim.o [1]
HAL_TIM_MspPostInit     0x08001827   0x46  Code  Gb  tim.o [1]
HAL_TIM_PWM_ConfigChannel
                        0x080020d1   0xd2  Code  Gb  stm32f0xx_hal_tim.o [1]
HAL_TIM_PWM_Init        0x0800202f   0x1e  Code  Gb  stm32f0xx_hal_tim.o [1]
HAL_TIM_PWM_MspInit     0x08001807   0x20  Code  Gb  tim.o [1]
HAL_TIM_PWM_Start       0x0800204d    0x6  Code  Gb  stm32f0xx_hal_tim.o [1]
HAL_UART_Init           0x08002b81   0x56  Code  Gb  stm32f0xx_hal_uart.o [1]
HAL_UART_MspInit        0x08001951   0x5a  Code  Gb  usart.o [1]
HardFault_Handler       0x08003a3f    0x2  Code  Gb  stm32f0xx_it.o [1]
IRQHandler              0x08001fbd   0x30  Code  Gb  NRF_Utilities.o [1]
IntegralK               0x200007d0    0x2  Data  Gb  main.o [1]
KC                      0x20000178    0x4  Data  Gb  PID.o [1]
KeepStaticVals          0x20000184    0x4  Data  Gb  PID.o [1]
MOTORPN_OFFSET          0x20000168    0x4  Data  Gb  PID.o [1]
MOTORPP_OFFSET          0x20000164    0x4  Data  Gb  PID.o [1]
MOTORRN_OFFSET          0x20000170    0x4  Data  Gb  PID.o [1]
MOTORRP_OFFSET          0x2000016c    0x4  Data  Gb  PID.o [1]
MX_GPIO_Init            0x080015e1   0xdc  Code  Gb  gpio.o [1]
MX_I2C1_Init            0x08001889   0x3e  Code  Gb  i2c.o [1]
MX_SPI1_Init            0x080009cd   0x36  Code  Gb  spi.o [1]
MX_SPI2_Init            0x08000a03   0x36  Code  Gb  spi.o [1]
MX_TIM1_Init            0x080016bd   0xbc  Code  Gb  tim.o [1]
MX_TIM3_Init            0x08001779   0x6e  Code  Gb  tim.o [1]
MX_USART1_UART_Init     0x0800191d   0x34  Code  Gb  usart.o [1]
NMI_Handler             0x08003a3d    0x2  Code  Gb  stm32f0xx_it.o [1]
NOP                     0x200001b9    0x1  Data  Gb  NRF_Utilities.o [1]
NRFCEPin                0x200000a2    0x2  Data  Gb  NRF_Utilities.o [1]
NRFCEPort               0x200000a4    0x4  Data  Gb  NRF_Utilities.o [1]
NRFCSPin                0x200000d0    0x2  Data  Gb  NRF_Utilities.o [1]
NRFCSPort               0x200000d8    0x4  Data  Gb  NRF_Utilities.o [1]
NRFSPIHandle            0x200000d4    0x4  Data  Gb  NRF_Utilities.o [1]
NRFSPITransmit          0x08001df1   0x40  Code  Gb  NRF_Utilities.o [1]
NVIC_SetPriority        0x0800153d   0x32  Code  Lc  stm32f0xx_hal_cortex.o [1]
OVERALLOFF              0x20000174    0x4  Data  Gb  PID.o [1]
OffsetGain              0x200007d4    0x2  Data  Gb  main.o [1]
PC                      0x2000017c    0x4  Data  Gb  PID.o [1]
PI                      0x20000058    0x4  Data  Gb  IMU.o [1]
PIDFlag                 0x20000110    0x4  Data  Gb  PID.o [1]
PIDPitch                0x20000104    0x4  Data  Gb  PID.o [1]
PIDRoll                 0x20000100    0x4  Data  Gb  PID.o [1]
PIDYaw                  0x20000108    0x4  Data  Gb  PID.o [1]
PITCH_MOTOR_CENTER_VAL  0x200001a8    0x4  Data  Gb  PID.o [1]
Payload                 0x200007ac   0x20  Data  Gb  main.o [1]
PayloadP                0x200007d8    0x4  Data  Gb  main.o [1]
PayloadReadyFlag        0x200007cc    0x1  Data  Gb  main.o [1]
PendSV_Handler          0x08003a43    0x2  Code  Gb  stm32f0xx_it.o [1]
ProportionalK           0x200007ce    0x2  Data  Gb  main.o [1]
RF_CH                   0x20000099    0x1  Data  Gb  NRF_Utilities.o [1]
RF_SETUP                0x2000009a    0x1  Data  Gb  NRF_Utilities.o [1]
ROLL_MOTOR_CENTER_VAL   0x200001ac    0x4  Data  Gb  PID.o [1]
RX_ADDR_P0              0x2000009c    0x1  Data  Gb  NRF_Utilities.o [1]
RX_DR                   0x200000a8    0x1  Data  Gb  NRF_Utilities.o [1]
RX_PW_P0                0x2000009e    0x1  Data  Gb  NRF_Utilities.o [1]
R_RX_PAYLOAD            0x200001b8    0x1  Data  Gb  NRF_Utilities.o [1]
ReceivePayload          0x08001f73   0x14  Code  Gb  NRF_Utilities.o [1]
ReceivedPayload         0x200000ac   0x20  Data  Gb  NRF_Utilities.o [1]
ReceivedPayloadP        0x200000cc    0x4  Data  Gb  NRF_Utilities.o [1]
Region$$Table$$Base     0x08003a8c          --   Gb  - Linker created -
Region$$Table$$Limit    0x08003aac          --   Gb  - Linker created -
SETUP_AW                0x20000097    0x1  Data  Gb  NRF_Utilities.o [1]
SETUP_RETR              0x20000098    0x1  Data  Gb  NRF_Utilities.o [1]
SPI_EndRxTransaction    0x08000929   0x6e  Code  Lc  stm32f0xx_hal_spi.o [1]
SPI_EndRxTxTransaction  0x08000997   0x32  Code  Lc  stm32f0xx_hal_spi.o [1]
SPI_WaitFifoStateUntilTimeout
                        0x08000881   0xa6  Code  Lc  stm32f0xx_hal_spi.o [1]
SPI_WaitFlagStateUntilTimeout
                        0x080007f5   0x8c  Code  Lc  stm32f0xx_hal_spi.o [1]
STATUS                  0x2000009b    0x1  Data  Gb  NRF_Utilities.o [1]
SVC_Handler             0x08003a41    0x2  Code  Gb  stm32f0xx_it.o [1]
SetupReceiver           0x08001e31  0x11e  Code  Gb  NRF_Utilities.o [1]
SysTick_Handler         0x08003a45    0xc  Code  Gb  stm32f0xx_it.o [1]
SystemClock_Config      0x08000c89   0x7c  Code  Gb  main.o [1]
SystemCoreClock         0x200001b0    0x4  Data  Gb  system_stm32f0xx.o [1]
SystemInit              0x0800395d   0x50  Code  Gb  system_stm32f0xx.o [1]
TIM_Base_SetConfig      0x08002285   0x68  Code  Gb  stm32f0xx_hal_tim.o [1]
TIM_CCxChannelCmd       0x08002541   0x16  Code  Gb  stm32f0xx_hal_tim.o [1]
TIM_ETR_SetConfig       0x080024f7   0x14  Code  Lc  stm32f0xx_hal_tim.o [1]
TIM_ITRx_SetConfig      0x080024e7   0x10  Code  Lc  stm32f0xx_hal_tim.o [1]
TIM_OC1_SetConfig       0x080022f1   0x74  Code  Lc  stm32f0xx_hal_tim.o [1]
TIM_OC2_SetConfig       0x08002365   0x68  Code  Gb  stm32f0xx_hal_tim.o [1]
TIM_OC3_SetConfig       0x080023cd   0x64  Code  Lc  stm32f0xx_hal_tim.o [1]
TIM_OC4_SetConfig       0x08002431   0x52  Code  Lc  stm32f0xx_hal_tim.o [1]
TIM_TI1_ConfigInputStage
                        0x080024a1   0x22  Code  Lc  stm32f0xx_hal_tim.o [1]
TIM_TI2_ConfigInputStage
                        0x080024c3   0x24  Code  Lc  stm32f0xx_hal_tim.o [1]
TX_ADDR                 0x2000009d    0x1  Data  Gb  NRF_Utilities.o [1]
UART_AdvFeatureConfig   0x08002cf3   0xc8  Code  Gb  stm32f0xx_hal_uart.o [1]
UART_CheckIdleState     0x08002dc5   0x10  Code  Gb  stm32f0xx_hal_uart.o [1]
UART_SetConfig          0x08002bed  0x106  Code  Gb  stm32f0xx_hal_uart.o [1]
W_REGISTER              0x20000090    0x1  Data  Gb  NRF_Utilities.o [1]
W_TX_PAYLOAD            0x20000091    0x1  Data  Gb  NRF_Utilities.o [1]
XH                      0x20000050    0x4  Data  Gb  IMU.o [1]
YH                      0x2000004c    0x4  Data  Gb  IMU.o [1]
ZieglerFlag             0x20000180    0x4  Data  Gb  PID.o [1]
__ICFEDIT_region_RAM_end__ {Abs}
                        0x20003fff          --   Gb  command line/config [2]
__ICFEDIT_region_RAM_start__ {Abs}
                        0x20000000          --   Gb  command line/config [2]
__aeabi_cfcmpeq         0x080038b1         Code  Gb  FltCmpEq.o [4]
__aeabi_cfcmple         0x08003615         Code  Gb  FltCmpLe.o [4]
__aeabi_cfrcmple        0x08003735         Code  Gb  FltCmpGe.o [4]
__aeabi_d2f             0x080030a5         Code  Gb  DblToFlt.o [4]
__aeabi_dmul            0x0800345b         Code  Gb  DblMul.o [4]
__aeabi_errno_addr      0x0800375d    0xa  Code  Gb  errno.o [3]
__aeabi_f2d             0x080028a5         Code  Gb  FltToDbl.o [4]
__aeabi_f2iz            0x08003421         Code  Gb  FltToS32.o [4]
__aeabi_f2uiz           0x080035e1         Code  Gb  FltToU32.o [4]
__aeabi_fadd            0x08002ec7         Code  Gb  FltAddSub.o [4]
__aeabi_fdiv            0x08002e1d         Code  Gb  FltDiv.o [4]
__aeabi_fmul            0x080027f3         Code  Gb  FltMul.o [4]
__aeabi_fsub            0x08002f37         Code  Gb  FltAddSub.o [4]
__aeabi_i2f             0x080027bd         Code  Gb  I32ToFlt.o [4]
__aeabi_idiv0           0x080029f1         Code  Gb  IntDivZer.o [5]
__aeabi_memcpy4         0x080029bd         Code  Wk  ABImemcpy.o [5]
__aeabi_ui2f            0x080027d5         Code  Gb  I32ToFlt.o [4]
__aeabi_uidiv           0x0800148d         Code  Gb  I32DivModFast.o [5]
__aeabi_uidivmod        0x0800148d         Code  Gb  I32DivModFast.o [5]
__cmain                 0x08003aad         Code  Gb  cmain.o [5]
__exit                  0x08003ae1   0x14  Code  Gb  exit.o [6]
__iar_Errno             0x200001b4    0x4  Data  Gb  errno.o [3]
__iar_FAtan             0x0800363d   0xb8  Code  Gb  xfatan.o [4]
__iar_FDint             0x0800385b   0x56  Code  Gb  xfdint.o [4]
__iar_FQuad             0x0800376d   0xec  Code  Gb  xfquad.o [4]
__iar_FSin              0x080031e5  0x23c  Code  Gb  xfsin.o [4]
__iar_data_init3        0x08003a65   0x28  Code  Gb  data_init.o [5]
__iar_dlib_perthread_access
                        0x08003859    0x2  Code  Gb  xtls.o [3]
__iar_edom              0x08003609         Code  Gb  iarEdom.o [5]
__iar_fmodf             0x080038d1         Code  Gb  fmodf.o [4]
__iar_packbits_init_single3
                        0x08003a01   0x3c  Code  Gb  packbits_init_single.o [5]
__iar_program_start     0x08003b05         Code  Gb  cstartup_M.o [5]
__iar_sqrt              0x08002fe7         Code  Gb  sqrt.o [4]
__iar_ui2f              0x080027d9         Code  Gb  I32ToFlt.o [4]
__iar_zero_init3        0x080039c5   0x3c  Code  Gb  zero_init3.o [5]
__low_level_init        0x08003ac7    0x4  Code  Gb  low_level_init.o [3]
__vector_table          0x08000000         Data  Gb  startup_stm32f070xb.o [1]
_call_main              0x08003ab9         Code  Gb  cmain.o [5]
_exit                   0x08003ad5         Code  Gb  cexit.o [5]
_main                   0x08003ac3         Code  Gb  cmain.o [5]
a                       0x08003714   0x20  Data  Lc  xfatan.o [4]
aAPBAHBPrescTable       0x0800147c   0x10  Data  Gb  stm32f0xx_hal_rcc.o [1]
acceENaddrW             0x2000000a    0x2  Data  Gb  IMU.o [1]
acceODRBWaddrW          0x20000008    0x2  Data  Gb  IMU.o [1]
acce_status             0x20000020    0x1  Data  Gb  IMU.o [1]
accel_range             0x2000003c    0x4  Data  Gb  IMU.o [1]
acceleration_x          0x20000030    0x4  Data  Gb  IMU.o [1]
acceleration_y          0x20000034    0x4  Data  Gb  IMU.o [1]
acceleration_z          0x20000038    0x4  Data  Gb  IMU.o [1]
atan2f                  0x08003107   0xde  Code  Gb  atan2f.o [4]
counter                 0x20000022    0x2  Data  Gb  IMU.o [1]
data_acc                0x2000008c    0x1  Data  Gb  IMU.o [1]
data_accback            0x20000014    0xc  Data  Gb  IMU.o [1]
exit                    0x08003acb    0x8  Code  Gb  exit.o [3]
fmodf                   0x080038d1         Code  Gb  fmodf.o [4]
getAllVals              0x08001b4d  0x27c  Code  Gb  IMU.o [1]
getPitch                0x08001dcd    0x4  Code  Gb  IMU.o [1]
getRoll                 0x08001dc9    0x4  Code  Gb  IMU.o [1]
getYaw                  0x08001dd1    0x4  Code  Gb  IMU.o [1]
gyroENaddrW             0x20000006    0x2  Data  Gb  IMU.o [1]
gyroODRBWaddrW          0x20000004    0x2  Data  Gb  IMU.o [1]
hi2c1                   0x200006f8   0x3c  Data  Gb  i2c.o [1]
hspi1                   0x20000630   0x64  Data  Gb  spi.o [1]
hspi2                   0x20000694   0x64  Data  Gb  spi.o [1]
htim1                   0x20000734   0x3c  Data  Gb  tim.o [1]
htim3                   0x20000770   0x3c  Data  Gb  tim.o [1]
huart1                  0x200005c0   0x70  Data  Gb  usart.o [1]
initIMU                 0x080019bd  0x186  Code  Gb  IMU.o [1]
mag_powerup             0x20000000    0x2  Data  Gb  IMU.o [1]
mag_powerup_rd          0x20000002    0x2  Data  Gb  IMU.o [1]
magnometer_x            0x20000024    0x4  Data  Gb  IMU.o [1]
magnometer_y            0x20000028    0x4  Data  Gb  IMU.o [1]
magnometer_z            0x2000002c    0x4  Data  Gb  IMU.o [1]
main                    0x08000b39  0x132  Code  Gb  main.o [1]
motorPN                 0x20000160    0x4  Data  Gb  PID.o [1]
motorPP                 0x2000015c    0x4  Data  Gb  PID.o [1]
motorRN                 0x20000158    0x4  Data  Gb  PID.o [1]
motorRP                 0x20000154    0x4  Data  Gb  PID.o [1]
pitch                   0x20000044    0x4  Data  Gb  IMU.o [1]
pitchDout               0x20000138    0x4  Data  Gb  PID.o [1]
pitchError              0x2000013c    0x4  Data  Gb  PID.o [1]
pitchIout               0x20000134    0x4  Data  Gb  PID.o [1]
pitchKd                 0x2000019c    0x4  Data  Gb  PID.o [1]
pitchKi                 0x20000198    0x4  Data  Gb  PID.o [1]
pitchKp                 0x20000194    0x4  Data  Gb  PID.o [1]
pitchLastError          0x20000140    0x4  Data  Gb  PID.o [1]
pitchNewArea            0x20000144    0x4  Data  Gb  PID.o [1]
pitchOut                0x2000014c    0x4  Data  Gb  PID.o [1]
pitchPout               0x20000130    0x4  Data  Gb  PID.o [1]
pitchRunningArea        0x20000148    0x4  Data  Gb  PID.o [1]
pitchTarget             0x200001a0    0x4  Data  Gb  PID.o [1]
rData                   0x200000dc   0x24  Data  Gb  NRF_Utilities.o [1]
roll                    0x20000048    0x4  Data  Gb  IMU.o [1]
rollDout                0x2000011c    0x4  Data  Gb  PID.o [1]
rollError               0x20000120    0x4  Data  Gb  PID.o [1]
rollIout                0x20000118    0x4  Data  Gb  PID.o [1]
rollKd                  0x20000190    0x4  Data  Gb  PID.o [1]
rollKi                  0x2000018c    0x4  Data  Gb  PID.o [1]
rollKp                  0x20000188    0x4  Data  Gb  PID.o [1]
rollLastError           0x20000124    0x4  Data  Gb  PID.o [1]
rollNewArea             0x20000128    0x4  Data  Gb  PID.o [1]
rollOut                 0x20000150    0x4  Data  Gb  PID.o [1]
rollPout                0x20000114    0x4  Data  Gb  PID.o [1]
rollRunningArea         0x2000012c    0x4  Data  Gb  PID.o [1]
rollTarget              0x200001a4    0x4  Data  Gb  PID.o [1]
runAvgAx                0x2000005c    0x4  Data  Gb  IMU.o [1]
runAvgAy                0x20000060    0x4  Data  Gb  IMU.o [1]
runAvgAz                0x20000064    0x4  Data  Gb  IMU.o [1]
runAvgMx                0x20000074    0x4  Data  Gb  IMU.o [1]
runAvgMy                0x20000078    0x4  Data  Gb  IMU.o [1]
runAvgMz                0x2000007c    0x4  Data  Gb  IMU.o [1]
runSumAx                0x20000068    0x4  Data  Gb  IMU.o [1]
runSumAy                0x2000006c    0x4  Data  Gb  IMU.o [1]
runSumAz                0x20000070    0x4  Data  Gb  IMU.o [1]
runSumMx                0x20000080    0x4  Data  Gb  IMU.o [1]
runSumMy                0x20000084    0x4  Data  Gb  IMU.o [1]
runSumMz                0x20000088    0x4  Data  Gb  IMU.o [1]
setCent                 0x08002571    0xe  Code  Gb  PID.o [1]
setD                    0x08002569    0x8  Code  Gb  PID.o [1]
setI                    0x08002561    0x8  Code  Gb  PID.o [1]
setP                    0x08002559    0x8  Code  Gb  PID.o [1]
sqrt                    0x08002fe7         Code  Gb  sqrt.o [4]
sqrtl                   0x08002fe7         Code  Gb  sqrt.o [4]
stabilize               0x0800257f  0x214  Code  Gb  PID.o [1]
timeInterval            0x2000010c    0x4  Data  Gb  PID.o [1]
trrx                    0x20000010    0x4  Data  Gb  IMU.o [1]
trtx                    0x2000000c    0x4  Data  Gb  IMU.o [1]
uwTick                  0x20000800    0x4  Data  Lc  stm32f0xx_hal.o [1]
yaw                     0x20000054    0x4  Data  Gb  IMU.o [1]


[1] = J:\Vital Data Bank\YCP\YCP Summer '16\Embedded Systems\QUADROTOR_CONTROLLER_STM32F070\STM32F070CBT6_QUADROTOR_CONTROLLER\EWARM\STM32F070CBT6_QUADROTOR_CONTROLLER\Obj
[2] = command line
[3] = dl6M_tlf.a
[4] = m6M_tl.a
[5] = rt6M_tl.a
[6] = shb_l.a

  15 112 bytes of readonly  code memory
     175 bytes of readonly  data memory
   2 046 bytes of readwrite data memory

Errors: none
Warnings: none
